

================================================================
== Vivado HLS Report for 'toThreshold_Block_proc'
================================================================
* Date:           Fri Jun 26 18:10:38 2015

* Version:        2014.4 (Build 1071461 on Tue Nov 18 16:42:57 PM 2014)
* Project:        threshold_IP
* Solution:       solution1
* Product family: zynq
* Target device:  xc7z020clg484-1


================================================================
== Performance Estimates
================================================================
+ Timing (ns): 
    * Summary: 
    +---------+-------+----------+------------+
    |  Clock  | Target| Estimated| Uncertainty|
    +---------+-------+----------+------------+
    |default  |  10.00|      0.00|        1.25|
    +---------+-------+----------+------------+

+ Latency (clock cycles): 
    * Summary: 
    +-----+-----+-----+-----+---------+
    |  Latency  |  Interval | Pipeline|
    | min | max | min | max |   Type  |
    +-----+-----+-----+-----+---------+
    |    0|    0|    0|    0|   none  |
    +-----+-----+-----+-----+---------+

    + Detail: 
        * Instance: 
        N/A

        * Loop: 
        N/A



================================================================
== Utilization Estimates
================================================================
* Summary: 
+-----------------+---------+-------+--------+-------+
|       Name      | BRAM_18K| DSP48E|   FF   |  LUT  |
+-----------------+---------+-------+--------+-------+
|Expression       |        -|      -|       -|      -|
|FIFO             |        -|      -|       -|      -|
|Instance         |        -|      -|       -|      -|
|Memory           |        -|      -|       -|      -|
|Multiplexer      |        -|      -|       -|      -|
|Register         |        -|      -|       -|      -|
+-----------------+---------+-------+--------+-------+
|Total            |        0|      0|       0|      0|
+-----------------+---------+-------+--------+-------+
|Available        |      280|    220|  106400|  53200|
+-----------------+---------+-------+--------+-------+
|Utilization (%)  |        0|      0|       0|      0|
+-----------------+---------+-------+--------+-------+

+ Detail: 
    * Instance: 
    N/A

    * Memory: 
    N/A

    * FIFO: 
    N/A

    * Expression: 
    N/A

    * Multiplexer: 
    N/A

    * Register: 
    N/A



================================================================
== Interface
================================================================
* Summary: 
N/A

============================================================
+ Verbose Summary: Synthesis Manager
============================================================
InlineROM: 1
ExposeGlobal: 0
============================================================
+ Verbose Summary: CDFG Model
============================================================
IsTopModel: 0
ResetActiveHigh: 1
IsCombinational: 2
IsDatapathOnly: 0
HasWiredReturn: 1
HasMFsm: 0
HasVarLatency: 0
IsPipeline: 0
IsRtlPipelined: 0
IsInstanceOverlapped: 0
IsDontTouch: 0
HasImplIP: 0
IsGatedGlobalClock: 0


============================================================
+ Verbose Summary: Schedule
============================================================
* Number of FSM states: 1
* Pipeline: 0
* Dataflow Pipeline: 0

* FSM state transitions: 
1 --> 
* FSM state operations: 

 <State 1>: 0.00ns
ST_1: stg_2 [1/1] 0.00ns
newFuncRoot:0  call void (...)* @_ssdm_op_SpecIFCore(i32 %rows, [1 x i8]* @p_str1806, [10 x i8]* @p_str1807, [1 x i8]* @p_str1806, i32 -1, [1 x i8]* @p_str1806, [1 x i8]* @p_str1806, [20 x i8]* @p_str1808)

ST_1: stg_3 [1/1] 0.00ns
newFuncRoot:1  call void (...)* @_ssdm_op_SpecIFCore(i32 %cols, [1 x i8]* @p_str1806, [10 x i8]* @p_str1807, [1 x i8]* @p_str1806, i32 -1, [1 x i8]* @p_str1806, [1 x i8]* @p_str1806, [20 x i8]* @p_str1808)

ST_1: cols_read [1/1] 0.00ns
newFuncRoot:2  %cols_read = call i32 @_ssdm_op_Read.ap_auto.i32(i32 %cols)

ST_1: rows_read [1/1] 0.00ns
newFuncRoot:3  %rows_read = call i32 @_ssdm_op_Read.ap_auto.i32(i32 %rows)

ST_1: inMat_rows_V [1/1] 0.00ns
newFuncRoot:4  %inMat_rows_V = trunc i32 %rows_read to i12

ST_1: inMat_cols_V [1/1] 0.00ns
newFuncRoot:5  %inMat_cols_V = trunc i32 %cols_read to i12

ST_1: mrv [1/1] 0.00ns
newFuncRoot:6  %mrv = insertvalue { i12, i12, i12, i12, i12, i12, i12, i12, i12, i12, i12, i12, i12, i12, i12, i12, i12, i12, i12, i12, i12, i12, i12, i12, i12, i12 } undef, i12 %inMat_rows_V, 0

ST_1: mrv_1 [1/1] 0.00ns
newFuncRoot:7  %mrv_1 = insertvalue { i12, i12, i12, i12, i12, i12, i12, i12, i12, i12, i12, i12, i12, i12, i12, i12, i12, i12, i12, i12, i12, i12, i12, i12, i12, i12 } %mrv, i12 %inMat_rows_V, 1

ST_1: mrv_2 [1/1] 0.00ns
newFuncRoot:8  %mrv_2 = insertvalue { i12, i12, i12, i12, i12, i12, i12, i12, i12, i12, i12, i12, i12, i12, i12, i12, i12, i12, i12, i12, i12, i12, i12, i12, i12, i12 } %mrv_1, i12 %inMat_cols_V, 2

ST_1: mrv_3 [1/1] 0.00ns
newFuncRoot:9  %mrv_3 = insertvalue { i12, i12, i12, i12, i12, i12, i12, i12, i12, i12, i12, i12, i12, i12, i12, i12, i12, i12, i12, i12, i12, i12, i12, i12, i12, i12 } %mrv_2, i12 %inMat_cols_V, 3

ST_1: mrv_4 [1/1] 0.00ns
newFuncRoot:10  %mrv_4 = insertvalue { i12, i12, i12, i12, i12, i12, i12, i12, i12, i12, i12, i12, i12, i12, i12, i12, i12, i12, i12, i12, i12, i12, i12, i12, i12, i12 } %mrv_3, i12 %inMat_rows_V, 4

ST_1: mrv_5 [1/1] 0.00ns
newFuncRoot:11  %mrv_5 = insertvalue { i12, i12, i12, i12, i12, i12, i12, i12, i12, i12, i12, i12, i12, i12, i12, i12, i12, i12, i12, i12, i12, i12, i12, i12, i12, i12 } %mrv_4, i12 %inMat_cols_V, 5

ST_1: mrv_6 [1/1] 0.00ns
newFuncRoot:12  %mrv_6 = insertvalue { i12, i12, i12, i12, i12, i12, i12, i12, i12, i12, i12, i12, i12, i12, i12, i12, i12, i12, i12, i12, i12, i12, i12, i12, i12, i12 } %mrv_5, i12 %inMat_rows_V, 6

ST_1: mrv_7 [1/1] 0.00ns
newFuncRoot:13  %mrv_7 = insertvalue { i12, i12, i12, i12, i12, i12, i12, i12, i12, i12, i12, i12, i12, i12, i12, i12, i12, i12, i12, i12, i12, i12, i12, i12, i12, i12 } %mrv_6, i12 %inMat_rows_V, 7

ST_1: mrv_8 [1/1] 0.00ns
newFuncRoot:14  %mrv_8 = insertvalue { i12, i12, i12, i12, i12, i12, i12, i12, i12, i12, i12, i12, i12, i12, i12, i12, i12, i12, i12, i12, i12, i12, i12, i12, i12, i12 } %mrv_7, i12 %inMat_cols_V, 8

ST_1: mrv_9 [1/1] 0.00ns
newFuncRoot:15  %mrv_9 = insertvalue { i12, i12, i12, i12, i12, i12, i12, i12, i12, i12, i12, i12, i12, i12, i12, i12, i12, i12, i12, i12, i12, i12, i12, i12, i12, i12 } %mrv_8, i12 %inMat_cols_V, 9

ST_1: mrv_s [1/1] 0.00ns
newFuncRoot:16  %mrv_s = insertvalue { i12, i12, i12, i12, i12, i12, i12, i12, i12, i12, i12, i12, i12, i12, i12, i12, i12, i12, i12, i12, i12, i12, i12, i12, i12, i12 } %mrv_9, i12 %inMat_rows_V, 10

ST_1: mrv_10 [1/1] 0.00ns
newFuncRoot:17  %mrv_10 = insertvalue { i12, i12, i12, i12, i12, i12, i12, i12, i12, i12, i12, i12, i12, i12, i12, i12, i12, i12, i12, i12, i12, i12, i12, i12, i12, i12 } %mrv_s, i12 %inMat_cols_V, 11

ST_1: mrv_11 [1/1] 0.00ns
newFuncRoot:18  %mrv_11 = insertvalue { i12, i12, i12, i12, i12, i12, i12, i12, i12, i12, i12, i12, i12, i12, i12, i12, i12, i12, i12, i12, i12, i12, i12, i12, i12, i12 } %mrv_10, i12 %inMat_rows_V, 12

ST_1: mrv_12 [1/1] 0.00ns
newFuncRoot:19  %mrv_12 = insertvalue { i12, i12, i12, i12, i12, i12, i12, i12, i12, i12, i12, i12, i12, i12, i12, i12, i12, i12, i12, i12, i12, i12, i12, i12, i12, i12 } %mrv_11, i12 %inMat_cols_V, 13

ST_1: mrv_13 [1/1] 0.00ns
newFuncRoot:20  %mrv_13 = insertvalue { i12, i12, i12, i12, i12, i12, i12, i12, i12, i12, i12, i12, i12, i12, i12, i12, i12, i12, i12, i12, i12, i12, i12, i12, i12, i12 } %mrv_12, i12 %inMat_rows_V, 14

ST_1: mrv_14 [1/1] 0.00ns
newFuncRoot:21  %mrv_14 = insertvalue { i12, i12, i12, i12, i12, i12, i12, i12, i12, i12, i12, i12, i12, i12, i12, i12, i12, i12, i12, i12, i12, i12, i12, i12, i12, i12 } %mrv_13, i12 %inMat_rows_V, 15

ST_1: mrv_15 [1/1] 0.00ns
newFuncRoot:22  %mrv_15 = insertvalue { i12, i12, i12, i12, i12, i12, i12, i12, i12, i12, i12, i12, i12, i12, i12, i12, i12, i12, i12, i12, i12, i12, i12, i12, i12, i12 } %mrv_14, i12 %inMat_cols_V, 16

ST_1: mrv_16 [1/1] 0.00ns
newFuncRoot:23  %mrv_16 = insertvalue { i12, i12, i12, i12, i12, i12, i12, i12, i12, i12, i12, i12, i12, i12, i12, i12, i12, i12, i12, i12, i12, i12, i12, i12, i12, i12 } %mrv_15, i12 %inMat_cols_V, 17

ST_1: mrv_17 [1/1] 0.00ns
newFuncRoot:24  %mrv_17 = insertvalue { i12, i12, i12, i12, i12, i12, i12, i12, i12, i12, i12, i12, i12, i12, i12, i12, i12, i12, i12, i12, i12, i12, i12, i12, i12, i12 } %mrv_16, i12 %inMat_rows_V, 18

ST_1: mrv_18 [1/1] 0.00ns
newFuncRoot:25  %mrv_18 = insertvalue { i12, i12, i12, i12, i12, i12, i12, i12, i12, i12, i12, i12, i12, i12, i12, i12, i12, i12, i12, i12, i12, i12, i12, i12, i12, i12 } %mrv_17, i12 %inMat_rows_V, 19

ST_1: mrv_19 [1/1] 0.00ns
newFuncRoot:26  %mrv_19 = insertvalue { i12, i12, i12, i12, i12, i12, i12, i12, i12, i12, i12, i12, i12, i12, i12, i12, i12, i12, i12, i12, i12, i12, i12, i12, i12, i12 } %mrv_18, i12 %inMat_cols_V, 20

ST_1: mrv_20 [1/1] 0.00ns
newFuncRoot:27  %mrv_20 = insertvalue { i12, i12, i12, i12, i12, i12, i12, i12, i12, i12, i12, i12, i12, i12, i12, i12, i12, i12, i12, i12, i12, i12, i12, i12, i12, i12 } %mrv_19, i12 %inMat_cols_V, 21

ST_1: mrv_21 [1/1] 0.00ns
newFuncRoot:28  %mrv_21 = insertvalue { i12, i12, i12, i12, i12, i12, i12, i12, i12, i12, i12, i12, i12, i12, i12, i12, i12, i12, i12, i12, i12, i12, i12, i12, i12, i12 } %mrv_20, i12 %inMat_rows_V, 22

ST_1: mrv_22 [1/1] 0.00ns
newFuncRoot:29  %mrv_22 = insertvalue { i12, i12, i12, i12, i12, i12, i12, i12, i12, i12, i12, i12, i12, i12, i12, i12, i12, i12, i12, i12, i12, i12, i12, i12, i12, i12 } %mrv_21, i12 %inMat_cols_V, 23

ST_1: mrv_23 [1/1] 0.00ns
newFuncRoot:30  %mrv_23 = insertvalue { i12, i12, i12, i12, i12, i12, i12, i12, i12, i12, i12, i12, i12, i12, i12, i12, i12, i12, i12, i12, i12, i12, i12, i12, i12, i12 } %mrv_22, i12 %inMat_rows_V, 24

ST_1: mrv_24 [1/1] 0.00ns
newFuncRoot:31  %mrv_24 = insertvalue { i12, i12, i12, i12, i12, i12, i12, i12, i12, i12, i12, i12, i12, i12, i12, i12, i12, i12, i12, i12, i12, i12, i12, i12, i12, i12 } %mrv_23, i12 %inMat_cols_V, 25

ST_1: stg_34 [1/1] 0.00ns
newFuncRoot:32  ret { i12, i12, i12, i12, i12, i12, i12, i12, i12, i12, i12, i12, i12, i12, i12, i12, i12, i12, i12, i12, i12, i12, i12, i12, i12, i12 } %mrv_24



============================================================
+ Verbose Summary: Binding
============================================================
N/A
* FSMD analyzer results:
  - Output states:
  - Chain level:
	State 1


============================================================
+ Verbose Summary: Datapath Resource usage 
============================================================
N/A
