Copyright 1986-2014 Xilinx, Inc. All Rights Reserved.
----------------------------------------------------------------------------------------
| Tool Version : Vivado v.2014.4 (win64) Build 1071353 Tue Nov 18 18:29:27 MST 2014
| Date         : Fri Jun 26 18:22:55 2015
| Host         : ESIT044 running 64-bit Service Pack 1  (build 7601)
| Command      : report_control_sets -verbose -file toThreshold_control_sets_placed.rpt
| Design       : toThreshold
| Device       : xc7z020
----------------------------------------------------------------------------------------

Control Set Information

Table of Contents
-----------------
1. Summary
2. Flip-Flop Distribution
3. Detailed Control Set Information

1. Summary
----------

+-------------------------------------------------------------------+-------+
|                               Status                              | Count |
+-------------------------------------------------------------------+-------+
| Number of unique control sets                                     |   254 |
| Minimum Number of register sites lost to control set restrictions |   635 |
+-------------------------------------------------------------------+-------+


2. Flip-Flop Distribution
-------------------------

+--------------+-----------------------+------------------------+-----------------+--------------+
| Clock Enable | Synchronous Set/Reset | Asynchronous Set/Reset | Total Registers | Total Slices |
+--------------+-----------------------+------------------------+-----------------+--------------+
| No           | No                    | No                     |             355 |          175 |
| No           | No                    | Yes                    |               0 |            0 |
| No           | Yes                   | No                     |             650 |          243 |
| Yes          | No                    | No                     |           10139 |         3121 |
| Yes          | No                    | Yes                    |               0 |            0 |
| Yes          | Yes                   | No                     |             445 |          148 |
+--------------+-----------------------+------------------------+-----------------+--------------+


3. Detailed Control Set Information
-----------------------------------

+--------------+----------------------------------------------------------------------------------------------------------------------------------------------------+--------------------------------------------------------------------------------------------------------------------------------------------------------------------------+------------------+----------------+
| Clock Signal |                                                                    Enable Signal                                                                   |                                                                             Set/Reset Signal                                                                             | Slice Load Count | Bel Load Count |
+--------------+----------------------------------------------------------------------------------------------------------------------------------------------------+--------------------------------------------------------------------------------------------------------------------------------------------------------------------------+------------------+----------------+
|  ap_clk      | toThreshold_Loop_GradientLoop_proc_U0/tmp_19_reg_6930                                                                                              |                                                                                                                                                                          |                2 |              4 |
|  ap_clk      | toThreshold_Loop_GradientLoop_proc_U0/toThreshold_uitodp_8ns_64_6_U93/E[0]                                                                         | toThreshold_Loop_GradientLoop_proc_U0/toThreshold_uitodp_8ns_64_6_U93/toThreshold_ap_uitodp_4_no_dsp_8_u/U0/i_synth/FIX_TO_FLT_OP.SPD.OP/LZE/ZERO_DET_CC_1/O4            |                2 |              4 |
|  ap_clk      | toThreshold_Loop_GradientLoop_proc_U0/toThreshold_uitodp_8ns_64_6_U93/E[0]                                                                         | toThreshold_Loop_GradientLoop_proc_U0/toThreshold_sitodp_32ns_64_6_U94/toThreshold_ap_sitodp_4_no_dsp_32_u/U0/i_synth/FIX_TO_FLT_OP.SPD.OP/LZE/ZERO_DET_CC_1/O4          |                2 |              4 |
|  ap_clk      | toThreshold_Dilate_0_0_1080_1920_U0/tmp_131_reg_13350                                                                                              |                                                                                                                                                                          |                2 |              4 |
|  ap_clk      | toThreshold_Dilate_0_0_1080_1920_1_U0/tmp_146_reg_13350                                                                                            |                                                                                                                                                                          |                2 |              4 |
|  ap_clk      | toThreshold_Dilate_0_0_1080_1920_1_U0/grp_toThreshold_borderInterpolate_fu_293/O2                                                                  | toThreshold_Block_proc_U0/ap_rst_n_inv                                                                                                                                   |                4 |              5 |
|  ap_clk      | toThreshold_Dilate_0_0_1080_1920_U0/grp_toThreshold_borderInterpolate_fu_293/O2                                                                    | toThreshold_Block_proc_U0/ap_rst_n_inv                                                                                                                                   |                3 |              5 |
|  ap_clk      | toThreshold_Loop_GradientLoop_proc_U0/result_V_reg_6690                                                                                            | toThreshold_Loop_GradientLoop_proc_U0/n_2_result_V_reg_669[7]_i_1                                                                                                        |                1 |              7 |
|  ap_clk      | toThreshold_Sobel_1_U0/grp_toThreshold_Filter2D_1_fu_57/grp_toThreshold_borderInterpolate_fu_631/O2                                                | toThreshold_Block_proc_U0/ap_rst_n_inv                                                                                                                                   |                4 |              7 |
|  ap_clk      | toThreshold_Sobel_U0/grp_toThreshold_Filter2D_1_fu_61/grp_toThreshold_borderInterpolate_fu_655/O4                                                  | toThreshold_Block_proc_U0/ap_rst_n_inv                                                                                                                                   |                4 |              7 |
|  ap_clk      | toThreshold_Dilate_0_0_1080_1920_U0/col_buf_0_val_0_0_fu_1800                                                                                      |                                                                                                                                                                          |                1 |              8 |
|  ap_clk      | toThreshold_Dilate_0_0_1080_1920_U0/src_kernel_win_0_val_1_2_fu_1280                                                                               |                                                                                                                                                                          |                2 |              8 |
|  ap_clk      | toThreshold_Dilate_0_0_1080_1920_U0/shiftReg_ce                                                                                                    |                                                                                                                                                                          |                1 |              8 |
|  ap_clk      | absvalueMat_data_stream_0_V_U/U_FIFO_toThreshold_absvalueMat_data_stream_0_V_ram/shiftReg_ce                                                       |                                                                                                                                                                          |                1 |              8 |
|  ap_clk      | toThreshold_Dilate_0_0_1080_1920_1_U0/col_buf_0_val_0_0_fu_1800                                                                                    |                                                                                                                                                                          |                4 |              8 |
|  ap_clk      | inMat_data_stream_0_V_U/U_FIFO_toThreshold_inMat_data_stream_0_V_ram/shiftReg_ce                                                                   |                                                                                                                                                                          |                1 |              8 |
|  ap_clk      | toThreshold_Loop_GradientLoop_proc_U0/shiftReg_ce                                                                                                  |                                                                                                                                                                          |                1 |              8 |
|  ap_clk      | toThreshold_Dilate_0_0_1080_1920_1_U0/shiftReg_ce                                                                                                  |                                                                                                                                                                          |                1 |              8 |
|  ap_clk      | toThreshold_GaussianBlur_U0/grp_toThreshold_Filter2D_fu_37/p_30_in                                                                                 |                                                                                                                                                                          |                4 |              8 |
|  ap_clk      | toThreshold_Dilate_0_0_1080_1920_1_U0/src_kernel_win_0_val_0_2_fu_1120                                                                             |                                                                                                                                                                          |                4 |              8 |
|  ap_clk      | toThreshold_Dilate_0_0_1080_1920_U0/src_kernel_win_0_val_0_2_fu_1120                                                                               |                                                                                                                                                                          |                4 |              8 |
|  ap_clk      | toThreshold_Dilate_0_0_1080_1920_1_U0/src_kernel_win_0_val_1_2_fu_1280                                                                             |                                                                                                                                                                          |                3 |              8 |
|  ap_clk      | toThreshold_Dilate_0_0_1080_1920_1_U0/src_kernel_win_0_val_2_2_fu_1360                                                                             |                                                                                                                                                                          |                2 |              8 |
|  ap_clk      | toThreshold_Sobel_U0/grp_toThreshold_Filter2D_1_fu_61/p_30_in                                                                                      |                                                                                                                                                                          |                3 |              8 |
|  ap_clk      | toThreshold_Sobel_U0/grp_toThreshold_Filter2D_1_fu_61/col_buf_0_val_0_0_fu_3840                                                                    |                                                                                                                                                                          |                2 |              8 |
|  ap_clk      | sobelxMat_data_stream_0_V_U/U_FIFO_toThreshold_sobelxMat_data_stream_0_V_ram/shiftReg_ce                                                           |                                                                                                                                                                          |                1 |              8 |
|  ap_clk      | sobelyMat_data_stream_0_V_U/U_FIFO_toThreshold_sobelyMat_data_stream_0_V_ram/shiftReg_ce                                                           |                                                                                                                                                                          |                1 |              8 |
|  ap_clk      | toThreshold_Sobel_1_U0/grp_toThreshold_Filter2D_1_fu_57/p_30_in                                                                                    |                                                                                                                                                                          |                3 |              8 |
|  ap_clk      | toThreshold_Sobel_1_U0/grp_toThreshold_Filter2D_1_fu_57/col_buf_0_val_0_0_fu_3840                                                                  |                                                                                                                                                                          |                2 |              8 |
|  ap_clk      | toThreshold_Loop_LineBufferLoop_proc_U0/ap_sig_bdd_137                                                                                             |                                                                                                                                                                          |                4 |              8 |
|  ap_clk      | toThreshold_AXIvideo2Mat_U0/shiftReg_ce                                                                                                            |                                                                                                                                                                          |                1 |              8 |
|  ap_clk      | toThreshold_AXIvideo2Mat_U0/shiftReg_ce_0                                                                                                          |                                                                                                                                                                          |                1 |              8 |
|  ap_clk      | toThreshold_GaussianBlur_U0/grp_toThreshold_Filter2D_fu_37/shiftReg_ce                                                                             |                                                                                                                                                                          |                1 |              8 |
|  ap_clk      | toThreshold_Loop_LineBufferLoop_proc_U0/E[0]                                                                                                       |                                                                                                                                                                          |                1 |              8 |
|  ap_clk      | toThreshold_GaussianBlur_U0/grp_toThreshold_Filter2D_fu_37/p_Val2_s_70_reg_33340                                                                   | toThreshold_GaussianBlur_U0/grp_toThreshold_Filter2D_fu_37/n_2_p_Val2_s_70_reg_3334[7]_i_1                                                                               |                3 |              8 |
|  ap_clk      | toThreshold_Loop_LineBufferLoop_proc_U0/shiftReg_ce                                                                                                |                                                                                                                                                                          |                1 |              8 |
|  ap_clk      | toThreshold_Threshold_1080_1920_0_0_U0/shiftReg_ce                                                                                                 |                                                                                                                                                                          |                1 |              8 |
|  ap_clk      | toThreshold_Dilate_0_0_1080_1920_1_U0/temp_0_i_i_i_057_i_i_1_0_1_reg_13610                                                                         |                                                                                                                                                                          |                1 |              8 |
|  ap_clk      | toThreshold_Dilate_0_0_1080_1920_1_U0/temp_0_i_i_i_057_i_i_1_2_reg_13890                                                                           |                                                                                                                                                                          |                2 |              8 |
|  ap_clk      | toThreshold_CvtColor_U0/shiftReg_ce                                                                                                                |                                                                                                                                                                          |                1 |              8 |
|  ap_clk      | toThreshold_GaussianBlur_U0/grp_toThreshold_Filter2D_fu_37/n_2_col_buf_0_val_0_0_fu_352[7]_i_1                                                     |                                                                                                                                                                          |                2 |              8 |
|  ap_clk      | toThreshold_Dilate_0_0_1080_1920_U0/temp_0_i_i_i_057_i_i_1_0_1_reg_13610                                                                           |                                                                                                                                                                          |                1 |              8 |
|  ap_clk      | toThreshold_Dilate_0_0_1080_1920_U0/src_kernel_win_0_val_2_2_fu_1360                                                                               |                                                                                                                                                                          |                2 |              8 |
|  ap_clk      | toThreshold_Dilate_0_0_1080_1920_U0/temp_0_i_i_i_057_i_i_1_2_reg_13890                                                                             |                                                                                                                                                                          |                2 |              8 |
|  ap_clk      | toThreshold_Sobel_1_U0/grp_toThreshold_Filter2D_1_fu_57/tmp_103_reg_34640                                                                          |                                                                                                                                                                          |                4 |              9 |
|  ap_clk      | toThreshold_CvtColor_U0/n_2_tmp_reg_347[0]_i_1                                                                                                     |                                                                                                                                                                          |                3 |              9 |
|  ap_clk      | toThreshold_Dilate_0_0_1080_1920_1_U0/p_61_in                                                                                                      |                                                                                                                                                                          |                5 |              9 |
|  ap_clk      | toThreshold_Dilate_0_0_1080_1920_U0/p_61_in                                                                                                        |                                                                                                                                                                          |                4 |              9 |
|  ap_clk      | toThreshold_Sobel_1_U0/grp_toThreshold_Filter2D_1_fu_57/grp_toThreshold_borderInterpolate_fu_631/p_89_in                                           |                                                                                                                                                                          |                5 |             10 |
|  ap_clk      | toThreshold_Loop_GradientLoop_proc_U0/isNeg_reg_6540                                                                                               |                                                                                                                                                                          |                7 |             10 |
|  ap_clk      | toThreshold_Sobel_U0/grp_toThreshold_Filter2D_1_fu_61/grp_toThreshold_borderInterpolate_fu_655/p_89_in                                             |                                                                                                                                                                          |                5 |             10 |
|  ap_clk      | toThreshold_GaussianBlur_U0/grp_toThreshold_Filter2D_fu_37/grp_toThreshold_borderInterpolate_fu_511/O2                                             |                                                                                                                                                                          |                5 |             10 |
|  ap_clk      | toThreshold_GaussianBlur_U0/grp_toThreshold_Filter2D_fu_37/O33[0]                                                                                  |                                                                                                                                                                          |                5 |             11 |
|  ap_clk      | toThreshold_Loop_LineBufferLoop_proc_U0/row5_reg_1880                                                                                              | toThreshold_Loop_LineBufferLoop_proc_U0/row5_reg_188                                                                                                                     |                2 |             11 |
|  ap_clk      | toThreshold_Sobel_1_U0/grp_toThreshold_Filter2D_1_fu_57/grp_toThreshold_borderInterpolate_fu_631/p_p3_reg_4790                                     |                                                                                                                                                                          |                5 |             11 |
|  ap_clk      | toThreshold_Loop_LineBufferLoop_proc_U0/n_2_col6_reg_199[10]_i_2                                                                                   | toThreshold_Loop_LineBufferLoop_proc_U0/n_2_col6_reg_199[10]_i_1                                                                                                         |                3 |             11 |
|  ap_clk      | toThreshold_Threshold_1080_1920_0_0_U0/Q[1]                                                                                                        |                                                                                                                                                                          |                3 |             11 |
|  ap_clk      |                                                                                                                                                    | toThreshold_Loop_GradientLoop_proc_U0/toThreshold_dmul_64ns_64ns_64_6_max_dsp_U86/toThreshold_ap_dmul_4_max_dsp_64_u/U0/i_synth/MULT.OP/EXP/STATE_DELAY/i_pipe/O2        |                5 |             11 |
|  ap_clk      | toThreshold_Loop_LineBufferLoop_proc_U0/ap_sig_bdd_71                                                                                              |                                                                                                                                                                          |                2 |             11 |
|  ap_clk      | toThreshold_Sobel_1_U0/grp_toThreshold_Filter2D_1_fu_57/ap_sig_bdd_127                                                                             |                                                                                                                                                                          |                3 |             11 |
|  ap_clk      | toThreshold_Sobel_1_U0/grp_toThreshold_Filter2D_1_fu_57/ap_sig_bdd_572                                                                             | toThreshold_Sobel_1_U0/grp_toThreshold_Filter2D_1_fu_57/n_2_p_012_0_i_reg_608[10]_i_1__0                                                                                 |                4 |             11 |
|  ap_clk      | toThreshold_Sobel_1_U0/grp_toThreshold_Filter2D_1_fu_57/k_buf_0_val_0_addr_reg_33780                                                               |                                                                                                                                                                          |                4 |             11 |
|  ap_clk      | toThreshold_Sobel_1_U0/grp_toThreshold_Filter2D_1_fu_57/p_025_0_i_reg_6190                                                                         | toThreshold_Sobel_1_U0/grp_toThreshold_Filter2D_1_fu_57/n_2_p_025_0_i_reg_619[10]_i_1__0                                                                                 |                3 |             11 |
|  ap_clk      | toThreshold_Sobel_U0/grp_toThreshold_Filter2D_1_fu_61/grp_toThreshold_borderInterpolate_fu_631/p_p3_reg_4790                                       |                                                                                                                                                                          |                8 |             11 |
|  ap_clk      | toThreshold_Sobel_U0/grp_toThreshold_Filter2D_1_fu_61/ap_sig_bdd_127                                                                               |                                                                                                                                                                          |                4 |             11 |
|  ap_clk      | toThreshold_Sobel_U0/grp_toThreshold_Filter2D_1_fu_61/ap_sig_bdd_572                                                                               | toThreshold_Sobel_U0/grp_toThreshold_Filter2D_1_fu_61/n_2_p_012_0_i_reg_608[10]_i_1                                                                                      |                3 |             11 |
|  ap_clk      | toThreshold_Sobel_U0/grp_toThreshold_Filter2D_1_fu_61/k_buf_0_val_0_addr_reg_33780                                                                 |                                                                                                                                                                          |                4 |             11 |
|  ap_clk      | toThreshold_Sobel_U0/grp_toThreshold_Filter2D_1_fu_61/p_025_0_i_reg_6190                                                                           | toThreshold_Sobel_U0/grp_toThreshold_Filter2D_1_fu_61/n_2_p_025_0_i_reg_619[10]_i_1                                                                                      |                5 |             11 |
|  ap_clk      | toThreshold_Sobel_U0/grp_toThreshold_Filter2D_1_fu_61/p_Val2_0_1_reg_35170                                                                         |                                                                                                                                                                          |                3 |             11 |
|  ap_clk      | toThreshold_Sobel_U0/grp_toThreshold_Filter2D_1_fu_61/tmp_100_reg_33680                                                                            |                                                                                                                                                                          |                6 |             11 |
|  ap_clk      | toThreshold_Threshold_1080_1920_0_0_U0/ap_sig_bdd_107                                                                                              | dilateMat_rows_V_U/SR[0]                                                                                                                                                 |                2 |             11 |
|  ap_clk      | toThreshold_Threshold_1080_1920_0_0_U0/p_3_reg_1180                                                                                                | toThreshold_Threshold_1080_1920_0_0_U0/n_2_p_3_reg_118[10]_i_1                                                                                                           |                3 |             11 |
|  ap_clk      | toThreshold_CvtColor_U0/ap_sig_bdd_153                                                                                                             | inMat_rows_V_channel1_U/SR[0]                                                                                                                                            |                3 |             11 |
|  ap_clk      | toThreshold_CvtColor_U0/n_2_j_reg_144[10]_i_2                                                                                                      | toThreshold_CvtColor_U0/n_2_j_reg_144[10]_i_1                                                                                                                            |                3 |             11 |
|  ap_clk      | toThreshold_CvtColor_U0/Q[1]                                                                                                                       |                                                                                                                                                                          |                3 |             11 |
|  ap_clk      | toThreshold_Dilate_0_0_1080_1920_1_U0/grp_toThreshold_borderInterpolate_fu_277/n_2_sel_tmp11_reg_489[10]_i_1__2                                    |                                                                                                                                                                          |                5 |             11 |
|  ap_clk      | toThreshold_Dilate_0_0_1080_1920_1_U0/ap_sig_bdd_384                                                                                               | toThreshold_Dilate_0_0_1080_1920_1_U0/n_2_p_012_0_i_i_reg_254[10]_i_1__0                                                                                                 |                5 |             11 |
|  ap_clk      | toThreshold_Dilate_0_0_1080_1920_1_U0/p_025_0_i_i_reg_2650                                                                                         | toThreshold_Dilate_0_0_1080_1920_1_U0/n_2_p_025_0_i_i_reg_265[10]_i_1__0                                                                                                 |                5 |             11 |
|  ap_clk      | toThreshold_Dilate_0_0_1080_1920_1_U0/tmp_144_reg_12770                                                                                            |                                                                                                                                                                          |                3 |             11 |
|  ap_clk      | toThreshold_Dilate_0_0_1080_1920_1_U0/O12[1]                                                                                                       |                                                                                                                                                                          |                6 |             11 |
|  ap_clk      | toThreshold_Dilate_0_0_1080_1920_U0/grp_toThreshold_borderInterpolate_fu_277/n_2_sel_tmp11_reg_489[10]_i_1__1                                      |                                                                                                                                                                          |                4 |             11 |
|  ap_clk      | toThreshold_Sobel_1_U0/grp_toThreshold_Filter2D_1_fu_57/tmp_100_reg_33680                                                                          |                                                                                                                                                                          |                5 |             11 |
|  ap_clk      | toThreshold_GaussianBlur_U0/grp_toThreshold_Filter2D_fu_37/k_buf_0_val_0_addr_reg_30150                                                            |                                                                                                                                                                          |                3 |             11 |
|  ap_clk      | toThreshold_GaussianBlur_U0/grp_toThreshold_Filter2D_fu_37/ap_sig_bdd_584                                                                          | toThreshold_GaussianBlur_U0/grp_toThreshold_Filter2D_fu_37/n_2_p_012_0_i_reg_456[10]_i_1                                                                                 |                3 |             11 |
|  ap_clk      | toThreshold_Loop_GradientLoop_proc_U0/ap_sig_bdd_67                                                                                                |                                                                                                                                                                          |                3 |             11 |
|  ap_clk      | toThreshold_Loop_GradientLoop_proc_U0/ap_sig_bdd_496                                                                                               | toThreshold_Loop_GradientLoop_proc_U0/row_reg_176                                                                                                                        |                2 |             11 |
|  ap_clk      | toThreshold_Dilate_0_0_1080_1920_U0/ap_sig_bdd_384                                                                                                 | toThreshold_Dilate_0_0_1080_1920_U0/n_2_p_012_0_i_i_reg_254[10]_i_1                                                                                                      |                4 |             11 |
|  ap_clk      | toThreshold_Dilate_0_0_1080_1920_U0/k_buf_0_val_0_addr_reg_12870                                                                                   |                                                                                                                                                                          |                4 |             11 |
|  ap_clk      | toThreshold_Dilate_0_0_1080_1920_U0/p_025_0_i_i_reg_2650                                                                                           | toThreshold_Dilate_0_0_1080_1920_U0/n_2_p_025_0_i_i_reg_265[10]_i_1                                                                                                      |                3 |             11 |
|  ap_clk      | toThreshold_GaussianBlur_U0/grp_toThreshold_Filter2D_fu_37/p_025_0_i_reg_4670                                                                      | toThreshold_GaussianBlur_U0/grp_toThreshold_Filter2D_fu_37/n_2_p_025_0_i_reg_467[10]_i_1                                                                                 |                4 |             11 |
|  ap_clk      | toThreshold_Dilate_0_0_1080_1920_1_U0/k_buf_0_val_0_addr_reg_12870                                                                                 |                                                                                                                                                                          |                3 |             11 |
|  ap_clk      | toThreshold_Dilate_0_0_1080_1920_U0/tmp_129_reg_12770                                                                                              |                                                                                                                                                                          |                4 |             11 |
|  ap_clk      | toThreshold_Dilate_0_0_1080_1920_U0/O11[1]                                                                                                         |                                                                                                                                                                          |                4 |             11 |
|  ap_clk      | toThreshold_Duplicate_1080_1920_0_0_U0/ap_sig_bdd_116                                                                                              | blurMat_cols_V_U/SR[0]                                                                                                                                                   |                3 |             11 |
|  ap_clk      | toThreshold_Duplicate_1080_1920_0_0_U0/p_4_reg_1430                                                                                                | toThreshold_Duplicate_1080_1920_0_0_U0/n_2_p_4_reg_143[10]_i_1                                                                                                           |                2 |             11 |
|  ap_clk      | toThreshold_Duplicate_1080_1920_0_0_U0/Q[1]                                                                                                        |                                                                                                                                                                          |                3 |             11 |
|  ap_clk      | toThreshold_GaussianBlur_U0/grp_toThreshold_Filter2D_fu_37/grp_toThreshold_borderInterpolate_fu_479/p_p3_reg_4790                                  |                                                                                                                                                                          |                6 |             11 |
|  ap_clk      | toThreshold_GaussianBlur_U0/grp_toThreshold_Filter2D_fu_37/tmp_73_reg_30050                                                                        |                                                                                                                                                                          |                5 |             11 |
|  ap_clk      | toThreshold_GaussianBlur_U0/grp_toThreshold_Filter2D_fu_37/grp_toThreshold_borderInterpolate_fu_511/O3                                             | toThreshold_Block_proc_U0/ap_rst_n_inv                                                                                                                                   |                7 |             11 |
|  ap_clk      | blursobelyMat_rows_V_channel_U/U_FIFO_toThreshold_blursobelyMat_rows_V_channel_ram/shiftReg_ce                                                     |                                                                                                                                                                          |                2 |             12 |
|  ap_clk      | toThreshold_AXIvideo2Mat_U0/p_1_reg_2060                                                                                                           | toThreshold_AXIvideo2Mat_U0/n_2_p_1_reg_206[0]_i_1                                                                                                                       |                3 |             12 |
|  ap_clk      | toThreshold_Loop_GradientLoop_proc_U0/col_reg_1870                                                                                                 | toThreshold_Loop_GradientLoop_proc_U0/n_2_col_reg_187[0]_i_1                                                                                                             |                3 |             12 |
|  ap_clk      | outMat_rows_V_U/U_FIFO_toThreshold_outMat_rows_V_ram/shiftReg_ce                                                                                   |                                                                                                                                                                          |                2 |             12 |
|  ap_clk      | inMat_cols_V_channel1_U/U_FIFO_toThreshold_inMat_cols_V_channel1_ram/shiftReg_ce                                                                   |                                                                                                                                                                          |                2 |             12 |
|  ap_clk      | inMat_cols_V_channel_U/U_FIFO_toThreshold_inMat_cols_V_channel_ram/shiftReg_ce                                                                     |                                                                                                                                                                          |                2 |             12 |
|  ap_clk      | inMat_rows_V_channel1_U/U_FIFO_toThreshold_inMat_rows_V_channel1_ram/shiftReg_ce                                                                   |                                                                                                                                                                          |                2 |             12 |
|  ap_clk      | inMat_rows_V_channel_U/U_FIFO_toThreshold_inMat_rows_V_channel_ram/shiftReg_ce                                                                     |                                                                                                                                                                          |                2 |             12 |
|  ap_clk      | nmsupressionMat_cols_V_U/U_FIFO_toThreshold_nmsupressionMat_cols_V_ram/shiftReg_ce                                                                 |                                                                                                                                                                          |                2 |             12 |
|  ap_clk      | nmsupressionMat_rows_V_U/U_FIFO_toThreshold_nmsupressionMat_rows_V_ram/shiftReg_ce                                                                 |                                                                                                                                                                          |                2 |             12 |
|  ap_clk      | outMat_cols_V_U/U_FIFO_toThreshold_outMat_cols_V_ram/shiftReg_ce                                                                                   |                                                                                                                                                                          |                2 |             12 |
|  ap_clk      | dilateMat_rows_V_U/U_FIFO_toThreshold_dilateMat_rows_V_ram/shiftReg_ce                                                                             |                                                                                                                                                                          |                2 |             12 |
|  ap_clk      | dilateMat_rows_V_channel_U/U_FIFO_toThreshold_dilateMat_rows_V_channel_ram/shiftReg_ce                                                             |                                                                                                                                                                          |                2 |             12 |
|  ap_clk      | blursobelyMat_rows_V_U/U_FIFO_toThreshold_blursobelyMat_rows_V_ram/shiftReg_ce                                                                     |                                                                                                                                                                          |                2 |             12 |
|  ap_clk      | dilateMat_cols_V_U/U_FIFO_toThreshold_dilateMat_cols_V_ram/shiftReg_ce                                                                             |                                                                                                                                                                          |                2 |             12 |
|  ap_clk      | dilateMat_cols_V_channel_U/U_FIFO_toThreshold_dilateMat_cols_V_channel_ram/shiftReg_ce                                                             |                                                                                                                                                                          |                2 |             12 |
|  ap_clk      | toThreshold_GaussianBlur_U0/grp_toThreshold_Filter2D_fu_37/n_2_tmp_79_reg_3119[2]_i_1                                                              |                                                                                                                                                                          |                4 |             12 |
|  ap_clk      | blursobelxMat_rows_V_channel_U/U_FIFO_toThreshold_blursobelxMat_rows_V_channel_ram/shiftReg_ce                                                     |                                                                                                                                                                          |                2 |             12 |
|  ap_clk      | toThreshold_AXIvideo2Mat_U0/ap_sig_bdd_181                                                                                                         | toThreshold_AXIvideo2Mat_U0/ap_sig_bdd_188                                                                                                                               |                2 |             12 |
|  ap_clk      | blursobelxMat_cols_V_channel_U/U_FIFO_toThreshold_blursobelxMat_cols_V_channel_ram/shiftReg_ce                                                     |                                                                                                                                                                          |                2 |             12 |
|  ap_clk      | threshMat_rows_V_U/U_FIFO_toThreshold_threshMat_rows_V_ram/shiftReg_ce                                                                             |                                                                                                                                                                          |                2 |             12 |
|  ap_clk      | threshMat_cols_V_U/U_FIFO_toThreshold_threshMat_cols_V_ram/shiftReg_ce                                                                             |                                                                                                                                                                          |                2 |             12 |
|  ap_clk      | toThreshold_Sobel_U0/grp_toThreshold_Filter2D_1_fu_61/tmp_103_reg_34640                                                                            |                                                                                                                                                                          |                5 |             12 |
|  ap_clk      | blursobelyMat_cols_V_channel_U/U_FIFO_toThreshold_blursobelyMat_cols_V_channel_ram/shiftReg_ce                                                     |                                                                                                                                                                          |                2 |             12 |
|  ap_clk      | blursobelyMat_cols_V_U/U_FIFO_toThreshold_blursobelyMat_cols_V_ram/shiftReg_ce                                                                     |                                                                                                                                                                          |                2 |             12 |
|  ap_clk      | toThreshold_AXIvideo2Mat_U0/Q[0]                                                                                                                   |                                                                                                                                                                          |                3 |             12 |
|  ap_clk      | toThreshold_Mat2AXIvideo_8_1080_1920_0_U0/ap_sig_bdd_116                                                                                           | toThreshold_Mat2AXIvideo_8_1080_1920_0_U0/n_2_p_1_reg_130[11]_i_1                                                                                                        |                3 |             12 |
|  ap_clk      | toThreshold_Mat2AXIvideo_8_1080_1920_0_U0/p_s_reg_1410                                                                                             | toThreshold_Mat2AXIvideo_8_1080_1920_0_U0/n_2_p_s_reg_141[0]_i_1                                                                                                         |                3 |             12 |
|  ap_clk      | toThreshold_Mat2AXIvideo_8_1080_1920_0_U0/Q[1]                                                                                                     |                                                                                                                                                                          |                3 |             12 |
|  ap_clk      | toThreshold_Loop_LineBufferLoop_proc_U0/ap_sig_bdd_129                                                                                             |                                                                                                                                                                          |                5 |             12 |
|  ap_clk      | outMat_rows_V_U/E[0]                                                                                                                               |                                                                                                                                                                          |                4 |             13 |
|  ap_clk      | toThreshold_Loop_LineBufferLoop_proc_U0/n_2_tmp_32_reg_740[0]_i_1                                                                                  |                                                                                                                                                                          |                5 |             14 |
|  ap_clk      | toThreshold_Dilate_0_0_1080_1920_U0/grp_toThreshold_borderInterpolate_fu_285/ap_ce                                                                 |                                                                                                                                                                          |                4 |             14 |
|  ap_clk      | toThreshold_Dilate_0_0_1080_1920_1_U0/grp_toThreshold_borderInterpolate_fu_285/ap_ce                                                               |                                                                                                                                                                          |                6 |             14 |
|  ap_clk      | toThreshold_Loop_LineBufferLoop_proc_U0/ap_sig_bdd_177                                                                                             |                                                                                                                                                                          |                9 |             16 |
|  ap_clk      | toThreshold_GaussianBlur_U0/grp_toThreshold_Filter2D_fu_37/src_kernel_win_0_val_4_2_fu_2360                                                        |                                                                                                                                                                          |                5 |             16 |
|  ap_clk      | toThreshold_Sobel_U0/grp_toThreshold_Filter2D_1_fu_61/n_2_A[7]__6_i_1                                                                              |                                                                                                                                                                          |                6 |             16 |
|  ap_clk      | toThreshold_Sobel_1_U0/grp_toThreshold_Filter2D_1_fu_57/isneg_reg_36570                                                                            |                                                                                                                                                                          |                4 |             16 |
|  ap_clk      | toThreshold_Duplicate_1080_1920_0_0_U0/O15                                                                                                         |                                                                                                                                                                          |                2 |             16 |
|  ap_clk      | toThreshold_Sobel_U0/grp_toThreshold_Filter2D_1_fu_61/isneg_reg_36570                                                                              |                                                                                                                                                                          |                4 |             16 |
|  ap_clk      | toThreshold_Sobel_1_U0/grp_toThreshold_Filter2D_1_fu_57/src_kernel_win_0_val_4_2_fu_2680                                                           |                                                                                                                                                                          |                5 |             16 |
|  ap_clk      | toThreshold_Loop_LineBufferLoop_proc_U0/lineBuffer_val_0_U/toThreshold_Loop_LineBufferLoop_proc_lineBuffer_val_0_ram_U/D[1]                        |                                                                                                                                                                          |                8 |             17 |
|  ap_clk      | toThreshold_Loop_LineBufferLoop_proc_U0/ap_sig_bdd_88                                                                                              |                                                                                                                                                                          |                8 |             19 |
|  ap_clk      | toThreshold_Loop_LineBufferLoop_proc_U0/lineBuffer_val_0_U/toThreshold_Loop_LineBufferLoop_proc_lineBuffer_val_0_ram_U/D[0]                        |                                                                                                                                                                          |                8 |             20 |
|  ap_clk      | toThreshold_Sobel_1_U0/grp_toThreshold_Filter2D_1_fu_57/p_Val2_0_1_reg_35170                                                                       |                                                                                                                                                                          |                6 |             20 |
|  ap_clk      | toThreshold_GaussianBlur_U0/grp_toThreshold_Filter2D_fu_37/tmp19_reg_33290                                                                         |                                                                                                                                                                          |                6 |             22 |
|  ap_clk      | toThreshold_Dilate_0_0_1080_1920_1_U0/col_buf_0_val_0_0_41_fu_1400                                                                                 |                                                                                                                                                                          |                9 |             24 |
|  ap_clk      | toThreshold_Dilate_0_0_1080_1920_U0/right_border_buf_0_val_1_0_reg_13200                                                                           |                                                                                                                                                                          |                6 |             24 |
|  ap_clk      | toThreshold_Dilate_0_0_1080_1920_U0/col_buf_0_val_0_0_32_fu_1400                                                                                   |                                                                                                                                                                          |               10 |             24 |
|  ap_clk      | toThreshold_AXIvideo2Mat_U0/ap_reg_ppiten_pp1_it10                                                                                                 |                                                                                                                                                                          |               10 |             24 |
|  ap_clk      | toThreshold_Dilate_0_0_1080_1920_1_U0/col_buf_0_val_0_0_39_fu_1160                                                                                 |                                                                                                                                                                          |                9 |             24 |
|  ap_clk      | toThreshold_Sobel_1_U0/grp_toThreshold_Filter2D_1_fu_57/src_kernel_win_0_val_0_2_fu_1880                                                           |                                                                                                                                                                          |                7 |             24 |
|  ap_clk      | toThreshold_Dilate_0_0_1080_1920_U0/col_buf_0_val_0_0_30_fu_1160                                                                                   |                                                                                                                                                                          |                8 |             24 |
|  ap_clk      | toThreshold_GaussianBlur_U0/grp_toThreshold_Filter2D_fu_37/src_kernel_win_0_val_2_2_fu_1960                                                        |                                                                                                                                                                          |                9 |             24 |
|  ap_clk      | toThreshold_Dilate_0_0_1080_1920_U0/grp_toThreshold_borderInterpolate_fu_293/grp_toThreshold_borderInterpolate_fu_293_ap_ce                        |                                                                                                                                                                          |               11 |             24 |
|  ap_clk      | toThreshold_Dilate_0_0_1080_1920_1_U0/n_2_src_kernel_win_0_val_2_1_fu_120[7]_i_1__0                                                                |                                                                                                                                                                          |                9 |             24 |
|  ap_clk      | toThreshold_Dilate_0_0_1080_1920_U0/n_2_src_kernel_win_0_val_2_1_fu_120[7]_i_1                                                                     |                                                                                                                                                                          |               10 |             24 |
|  ap_clk      | toThreshold_Sobel_U0/grp_toThreshold_Filter2D_1_fu_61/src_kernel_win_0_val_0_2_fu_1880                                                             |                                                                                                                                                                          |                9 |             24 |
|  ap_clk      | toThreshold_Sobel_U0/grp_toThreshold_Filter2D_1_fu_61/src_kernel_win_0_val_2_2_fu_2280                                                             |                                                                                                                                                                          |                9 |             24 |
|  ap_clk      | toThreshold_Dilate_0_0_1080_1920_1_U0/right_border_buf_0_val_1_0_reg_13200                                                                         |                                                                                                                                                                          |                5 |             24 |
|  ap_clk      | toThreshold_Dilate_0_0_1080_1920_1_U0/col_buf_0_val_0_0_40_fu_1320                                                                                 |                                                                                                                                                                          |                8 |             24 |
|  ap_clk      | toThreshold_Dilate_0_0_1080_1920_1_U0/grp_toThreshold_borderInterpolate_fu_293/grp_toThreshold_borderInterpolate_fu_293_ap_ce                      |                                                                                                                                                                          |               12 |             24 |
|  ap_clk      | toThreshold_Dilate_0_0_1080_1920_U0/col_buf_0_val_0_0_31_fu_1320                                                                                   |                                                                                                                                                                          |                9 |             24 |
|  ap_clk      | toThreshold_GaussianBlur_U0/grp_toThreshold_Filter2D_fu_37/src_kernel_win_0_val_1_2_fu_1760                                                        |                                                                                                                                                                          |                6 |             24 |
|  ap_clk      | toThreshold_AXIvideo2Mat_U0/n_2_axi_data_V_1_reg_195[23]_i_1                                                                                       |                                                                                                                                                                          |                9 |             25 |
|  ap_clk      | toThreshold_GaussianBlur_U0/grp_toThreshold_Filter2D_fu_37/p_Val2_11_0_1_reg_31590                                                                 |                                                                                                                                                                          |                9 |             25 |
|  ap_clk      | toThreshold_AXIvideo2Mat_U0/tmp_data_V_reg_4020                                                                                                    |                                                                                                                                                                          |                5 |             25 |
|  ap_clk      | toThreshold_AXIvideo2Mat_U0/ap_NS_fsm[3]                                                                                                           |                                                                                                                                                                          |                6 |             25 |
|  ap_clk      | toThreshold_Dilate_0_0_1080_1920_1_U0/src_kernel_win_0_val_0_1_lo_reg_13670                                                                        |                                                                                                                                                                          |               12 |             25 |
|  ap_clk      | toThreshold_Dilate_0_0_1080_1920_U0/src_kernel_win_0_val_0_1_lo_reg_13670                                                                          |                                                                                                                                                                          |               10 |             25 |
|  ap_clk      | toThreshold_AXIvideo2Mat_U0/p_5_in                                                                                                                 |                                                                                                                                                                          |               12 |             26 |
|  ap_clk      | toThreshold_AXIvideo2Mat_U0/n_2_eol_3_reg_288[0]_i_1                                                                                               |                                                                                                                                                                          |               10 |             26 |
|  ap_clk      |                                                                                                                                                    | dilateMat_rows_V_channel_U/ap_reg_ready_threshMat_rows_V_full_n                                                                                                          |               20 |             26 |
|  ap_clk      | toThreshold_Sobel_1_U0/grp_toThreshold_Filter2D_1_fu_57/col_buf_0_val_0_0_20_fu_2640                                                               |                                                                                                                                                                          |               12 |             32 |
|  ap_clk      | toThreshold_Sobel_1_U0/grp_toThreshold_Filter2D_1_fu_57/col_buf_0_val_0_0_18_fu_2200                                                               |                                                                                                                                                                          |               16 |             32 |
|  ap_clk      | toThreshold_Sobel_1_U0/grp_toThreshold_Filter2D_1_fu_57/col_buf_0_val_0_0_19_fu_2400                                                               |                                                                                                                                                                          |               13 |             32 |
|  ap_clk      | toThreshold_Sobel_1_U0/grp_toThreshold_Filter2D_1_fu_57/col_buf_0_val_0_0_17_fu_2000                                                               |                                                                                                                                                                          |                9 |             32 |
|  ap_clk      | toThreshold_Sobel_1_U0/grp_toThreshold_Filter2D_1_fu_57/n_2_src_kernel_win_0_val_0_1_fu_184[7]_i_1__0                                              |                                                                                                                                                                          |               13 |             32 |
|  ap_clk      | toThreshold_Sobel_1_U0/grp_toThreshold_Filter2D_1_fu_57/col_buf_0_val_0_0_21_fu_2800                                                               |                                                                                                                                                                          |               10 |             32 |
|  ap_clk      | toThreshold_GaussianBlur_U0/grp_toThreshold_Filter2D_fu_37/p_Val2_11_1_4_reg_32790                                                                 |                                                                                                                                                                          |               10 |             36 |
|  ap_clk      | toThreshold_GaussianBlur_U0/grp_toThreshold_Filter2D_fu_37/p_Val2_11_2_2_reg_33040                                                                 |                                                                                                                                                                          |               10 |             37 |
|  ap_clk      | toThreshold_Dilate_0_0_1080_1920_1_U0/grp_toThreshold_borderInterpolate_fu_277/grp_toThreshold_borderInterpolate_fu_277_ap_ce                      |                                                                                                                                                                          |               12 |             38 |
|  ap_clk      | toThreshold_Dilate_0_0_1080_1920_U0/grp_toThreshold_borderInterpolate_fu_277/grp_toThreshold_borderInterpolate_fu_277_ap_ce                        |                                                                                                                                                                          |               11 |             38 |
|  ap_clk      | toThreshold_Dilate_0_0_1080_1920_U0/ap_reg_ppiten_pp0_it00                                                                                         |                                                                                                                                                                          |               10 |             39 |
|  ap_clk      | toThreshold_Dilate_0_0_1080_1920_1_U0/ap_reg_ppiten_pp0_it00                                                                                       |                                                                                                                                                                          |               14 |             39 |
|  ap_clk      | toThreshold_Sobel_1_U0/grp_toThreshold_Filter2D_1_fu_57/right_border_buf_0_val_1_0_reg_34450                                                       |                                                                                                                                                                          |               11 |             40 |
|  ap_clk      | toThreshold_Sobel_1_U0/grp_toThreshold_Filter2D_1_fu_57/p_Val2_2_1_reg_36120                                                                       |                                                                                                                                                                          |               11 |             40 |
|  ap_clk      | toThreshold_Sobel_U0/grp_toThreshold_Filter2D_1_fu_61/n_2_src_kernel_win_0_val_2_1_fu_224[7]_i_1                                                   |                                                                                                                                                                          |               18 |             40 |
|  ap_clk      | toThreshold_Sobel_U0/grp_toThreshold_Filter2D_1_fu_61/right_border_buf_0_val_1_0_reg_34450                                                         |                                                                                                                                                                          |               11 |             40 |
|  ap_clk      | toThreshold_GaussianBlur_U0/grp_toThreshold_Filter2D_fu_37/n_2_src_kernel_win_0_val_4_1_fu_212[7]_i_1                                              |                                                                                                                                                                          |               16 |             40 |
|  ap_clk      | toThreshold_GaussianBlur_U0/grp_toThreshold_Filter2D_fu_37/n_2_right_border_buf_0_val_0_4_fu_348[7]_i_1                                            |                                                                                                                                                                          |               11 |             40 |
|  ap_clk      | toThreshold_GaussianBlur_U0/grp_toThreshold_Filter2D_fu_37/n_2_right_border_buf_0_val_0_3_fu_344[7]_i_1                                            |                                                                                                                                                                          |               12 |             40 |
|  ap_clk      | toThreshold_GaussianBlur_U0/grp_toThreshold_Filter2D_fu_37/right_border_buf_0_val_1_0_reg_30820                                                    |                                                                                                                                                                          |               12 |             40 |
|  ap_clk      | toThreshold_Sobel_U0/grp_toThreshold_Filter2D_1_fu_61/col_buf_0_val_0_0_19_fu_2400                                                                 |                                                                                                                                                                          |               11 |             40 |
|  ap_clk      | toThreshold_GaussianBlur_U0/grp_toThreshold_Filter2D_fu_37/n_2_right_border_buf_0_val_0_2_fu_340[7]_i_1                                            |                                                                                                                                                                          |               15 |             40 |
|  ap_clk      | toThreshold_GaussianBlur_U0/grp_toThreshold_Filter2D_fu_37/n_2_right_border_buf_0_val_0_1_fu_336[7]_i_1                                            |                                                                                                                                                                          |               13 |             40 |
|  ap_clk      | toThreshold_GaussianBlur_U0/grp_toThreshold_Filter2D_fu_37/n_2_right_border_buf_0_val_0_0_fu_332[7]_i_1                                            |                                                                                                                                                                          |               12 |             40 |
|  ap_clk      | toThreshold_Sobel_U0/grp_toThreshold_Filter2D_1_fu_61/col_buf_0_val_0_0_17_fu_2000                                                                 |                                                                                                                                                                          |                8 |             40 |
|  ap_clk      | toThreshold_Sobel_U0/grp_toThreshold_Filter2D_1_fu_61/col_buf_0_val_0_0_18_fu_2200                                                                 |                                                                                                                                                                          |               12 |             40 |
|  ap_clk      | toThreshold_Sobel_U0/grp_toThreshold_Filter2D_1_fu_61/col_buf_0_val_0_0_20_fu_2640                                                                 |                                                                                                                                                                          |               12 |             40 |
|  ap_clk      | toThreshold_Sobel_U0/grp_toThreshold_Filter2D_1_fu_61/col_buf_0_val_0_0_21_fu_2800                                                                 |                                                                                                                                                                          |               11 |             40 |
|  ap_clk      | toThreshold_Dilate_0_0_1080_1920_U0/p_012_0_i_i_reg_2540                                                                                           |                                                                                                                                                                          |               11 |             43 |
|  ap_clk      | toThreshold_Dilate_0_0_1080_1920_1_U0/p_012_0_i_i_reg_2540                                                                                         |                                                                                                                                                                          |               11 |             43 |
|  ap_clk      | toThreshold_GaussianBlur_U0/grp_toThreshold_Filter2D_fu_37/p_012_0_i_reg_4560                                                                      |                                                                                                                                                                          |               13 |             44 |
|  ap_clk      | toThreshold_Sobel_1_U0/grp_toThreshold_Filter2D_1_fu_57/p_012_0_i_reg_6080                                                                         |                                                                                                                                                                          |               13 |             44 |
|  ap_clk      | toThreshold_Sobel_U0/grp_toThreshold_Filter2D_1_fu_61/p_012_0_i_reg_6080                                                                           |                                                                                                                                                                          |               12 |             44 |
|  ap_clk      | toThreshold_GaussianBlur_U0/grp_toThreshold_Filter2D_fu_37/src_kernel_win_0_val_0_2_fu_1560                                                        |                                                                                                                                                                          |               26 |             48 |
|  ap_clk      | toThreshold_Loop_LineBufferLoop_proc_U0/n_2_col6_reg_199[10]_i_2                                                                                   |                                                                                                                                                                          |               13 |             48 |
|  ap_clk      | toThreshold_Sobel_1_U0/grp_toThreshold_Filter2D_1_fu_57/ap_reg_ppiten_pp0_it00                                                                     |                                                                                                                                                                          |               16 |             50 |
|  ap_clk      |                                                                                                                                                    | toThreshold_Loop_GradientLoop_proc_U0/toThreshold_sitodp_32ns_64_6_U94/toThreshold_ap_sitodp_4_no_dsp_32_u/U0/i_synth/FIX_TO_FLT_OP.SPD.OP/EXP/ZERO_DELAY/i_pipe/p_2_out |               15 |             51 |
|  ap_clk      |                                                                                                                                                    | toThreshold_Loop_GradientLoop_proc_U0/toThreshold_dmul_64ns_64ns_64_6_max_dsp_U86/toThreshold_ap_dmul_4_max_dsp_64_u/U0/i_synth/MULT.OP/EXP/SIG_DELAY/i_pipe/p_2_out     |               11 |             51 |
|  ap_clk      |                                                                                                                                                    | toThreshold_Loop_GradientLoop_proc_U0/toThreshold_uitodp_8ns_64_6_U93/toThreshold_ap_uitodp_4_no_dsp_8_u/U0/i_synth/FIX_TO_FLT_OP.SPD.OP/EXP/ZERO_DELAY/i_pipe/p_2_out   |               13 |             51 |
|  ap_clk      |                                                                                                                                                    | toThreshold_Loop_GradientLoop_proc_U0/toThreshold_ddiv_64ns_64ns_64_31_U87/toThreshold_ap_ddiv_29_no_dsp_64_u/U0/i_synth/DIV_OP.SPD.OP/EXP/STATE_UP_DELAY/i_pipe/p_2_out |               32 |             51 |
|  ap_clk      | toThreshold_Sobel_U0/grp_toThreshold_Filter2D_1_fu_61/grp_toThreshold_borderInterpolate_fu_639/ap_ce                                               |                                                                                                                                                                          |               18 |             52 |
|  ap_clk      | toThreshold_GaussianBlur_U0/grp_toThreshold_Filter2D_fu_37/grp_toThreshold_borderInterpolate_fu_487/n_2_or_cond_reg_428[0]_i_1__18                 |                                                                                                                                                                          |               18 |             52 |
|  ap_clk      | toThreshold_Sobel_1_U0/grp_toThreshold_Filter2D_1_fu_57/grp_toThreshold_borderInterpolate_fu_639/ap_ce                                             |                                                                                                                                                                          |               23 |             52 |
|  ap_clk      | toThreshold_Loop_GradientLoop_proc_U0/toThreshold_ddiv_64ns_64ns_64_31_U87/ap_NS_fsm6                                                              | toThreshold_Block_proc_U0/ap_rst_n_inv                                                                                                                                   |               17 |             54 |
|  ap_clk      | toThreshold_Sobel_1_U0/grp_toThreshold_Filter2D_1_fu_57/src_kernel_win_0_val_1_2_fu_2080                                                           |                                                                                                                                                                          |               19 |             56 |
|  ap_clk      | toThreshold_Sobel_U0/grp_toThreshold_Filter2D_1_fu_61/src_kernel_win_0_val_1_2_fu_2080                                                             |                                                                                                                                                                          |               12 |             56 |
|  ap_clk      | toThreshold_Sobel_1_U0/grp_toThreshold_Filter2D_1_fu_57/p_Val2_4_1_reg_36420                                                                       |                                                                                                                                                                          |               17 |             57 |
|  ap_clk      | toThreshold_Sobel_U0/grp_toThreshold_Filter2D_1_fu_61/p_Val2_4_1_reg_36420                                                                         |                                                                                                                                                                          |               17 |             61 |
|  ap_clk      | toThreshold_Sobel_U0/grp_toThreshold_Filter2D_1_fu_61/ap_reg_ppiten_pp0_it00                                                                       |                                                                                                                                                                          |               19 |             61 |
|  ap_clk      | toThreshold_GaussianBlur_U0/grp_toThreshold_Filter2D_fu_37/ap_reg_ppiten_pp0_it00                                                                  |                                                                                                                                                                          |               19 |             61 |
|  ap_clk      | toThreshold_Loop_GradientLoop_proc_U0/abs_value_to_int_reg_6440                                                                                    |                                                                                                                                                                          |               28 |             63 |
|  ap_clk      | toThreshold_Loop_GradientLoop_proc_U0/tmp_7_reg_6260                                                                                               | toThreshold_Loop_GradientLoop_proc_U0/n_2_y1_reg_620[63]_i_1                                                                                                             |               25 |             64 |
|  ap_clk      | toThreshold_Loop_GradientLoop_proc_U0/angle_reg_6840                                                                                               |                                                                                                                                                                          |               15 |             64 |
|  ap_clk      | toThreshold_Loop_GradientLoop_proc_U0/tmp_7_reg_6260                                                                                               |                                                                                                                                                                          |               30 |             64 |
|  ap_clk      | toThreshold_Loop_GradientLoop_proc_U0/r_reg_6740                                                                                                   |                                                                                                                                                                          |               31 |             64 |
|  ap_clk      | toThreshold_Loop_GradientLoop_proc_U0/tmp_14_reg_6790                                                                                              |                                                                                                                                                                          |               21 |             64 |
|  ap_clk      | toThreshold_GaussianBlur_U0/grp_toThreshold_Filter2D_fu_37/tmp1_reg_32540                                                                          |                                                                                                                                                                          |               20 |             74 |
|  ap_clk      | toThreshold_Sobel_U0/grp_toThreshold_Filter2D_1_fu_61/p_Val2_2_1_reg_36120                                                                         |                                                                                                                                                                          |               23 |             74 |
|  ap_clk      | toThreshold_GaussianBlur_U0/grp_toThreshold_Filter2D_fu_37/grp_toThreshold_borderInterpolate_fu_479/grp_toThreshold_borderInterpolate_fu_479_ap_ce |                                                                                                                                                                          |               26 |             76 |
|  ap_clk      | toThreshold_Sobel_U0/grp_toThreshold_Filter2D_1_fu_61/grp_toThreshold_borderInterpolate_fu_631/grp_toThreshold_borderInterpolate_fu_631_ap_ce      |                                                                                                                                                                          |               26 |             76 |
|  ap_clk      | toThreshold_Sobel_1_U0/grp_toThreshold_Filter2D_1_fu_57/grp_toThreshold_borderInterpolate_fu_631/ap_ce                                             |                                                                                                                                                                          |               27 |             76 |
|  ap_clk      | toThreshold_Dilate_0_0_1080_1920_1_U0/grp_toThreshold_borderInterpolate_fu_293/O2                                                                  |                                                                                                                                                                          |               22 |             77 |
|  ap_clk      | toThreshold_Dilate_0_0_1080_1920_U0/grp_toThreshold_borderInterpolate_fu_293/O2                                                                    |                                                                                                                                                                          |               24 |             77 |
|  ap_clk      | toThreshold_Loop_GradientLoop_proc_U0/toThreshold_ddiv_64ns_64ns_64_31_U87/ap_NS_fsm6                                                              |                                                                                                                                                                          |               37 |             81 |
|  ap_clk      | toThreshold_GaussianBlur_U0/grp_toThreshold_Filter2D_fu_37/p_Val2_11_3_1_reg_31940                                                                 |                                                                                                                                                                          |               30 |            101 |
|  ap_clk      | toThreshold_GaussianBlur_U0/grp_toThreshold_Filter2D_fu_37/p_Val2_11_1_reg_32290                                                                   |                                                                                                                                                                          |               29 |            105 |
|  ap_clk      | toThreshold_Sobel_1_U0/grp_toThreshold_Filter2D_1_fu_57/grp_toThreshold_borderInterpolate_fu_655/grp_toThreshold_borderInterpolate_fu_647_ap_ce    |                                                                                                                                                                          |               40 |            111 |
|  ap_clk      | toThreshold_Sobel_U0/grp_toThreshold_Filter2D_1_fu_61/p_Val2_0_4_reg_35570                                                                         |                                                                                                                                                                          |               36 |            113 |
|  ap_clk      | toThreshold_Sobel_1_U0/grp_toThreshold_Filter2D_1_fu_57/grp_toThreshold_borderInterpolate_fu_631/O2                                                |                                                                                                                                                                          |               37 |            114 |
|  ap_clk      | toThreshold_Sobel_1_U0/grp_toThreshold_Filter2D_1_fu_57/p_Val2_0_4_reg_35570                                                                       |                                                                                                                                                                          |               35 |            124 |
|  ap_clk      | toThreshold_Loop_GradientLoop_proc_U0/abs_value_reg_6370                                                                                           |                                                                                                                                                                          |               28 |            128 |
|  ap_clk      | toThreshold_Sobel_U0/grp_toThreshold_Filter2D_1_fu_61/grp_toThreshold_borderInterpolate_fu_655/O4                                                  |                                                                                                                                                                          |               48 |            138 |
|  ap_clk      | toThreshold_Loop_GradientLoop_proc_U0/toThreshold_dmul_64ns_64ns_64_6_max_dsp_U86/grp_fu_212_ce                                                    |                                                                                                                                                                          |               54 |            144 |
|  ap_clk      | toThreshold_GaussianBlur_U0/grp_toThreshold_Filter2D_fu_37/grp_toThreshold_borderInterpolate_fu_511/grp_toThreshold_borderInterpolate_fu_495_ap_ce |                                                                                                                                                                          |               57 |            149 |
|  ap_clk      | toThreshold_Sobel_U0/grp_toThreshold_Filter2D_1_fu_61/grp_toThreshold_borderInterpolate_fu_655/grp_toThreshold_borderInterpolate_fu_647_ap_ce      |                                                                                                                                                                          |               54 |            149 |
|  ap_clk      | toThreshold_Loop_GradientLoop_proc_U0/toThreshold_uitodp_8ns_64_6_U93/E[0]                                                                         |                                                                                                                                                                          |               51 |            154 |
|  ap_clk      | toThreshold_GaussianBlur_U0/grp_toThreshold_Filter2D_fu_37/grp_toThreshold_borderInterpolate_fu_511/O3                                             |                                                                                                                                                                          |               82 |            299 |
|  ap_clk      | toThreshold_Loop_GradientLoop_proc_U0/toThreshold_dsub_64ns_64ns_64_5_full_dsp_U85/grp_fu_207_ce                                                   |                                                                                                                                                                          |              103 |            328 |
|  ap_clk      |                                                                                                                                                    |                                                                                                                                                                          |              175 |            355 |
|  ap_clk      |                                                                                                                                                    | toThreshold_Block_proc_U0/ap_rst_n_inv                                                                                                                                   |              147 |            409 |
|  ap_clk      | toThreshold_Loop_GradientLoop_proc_U0/toThreshold_dadd_64ns_64ns_64_5_full_dsp_U84/E[0]                                                            |                                                                                                                                                                          |              216 |            656 |
|  ap_clk      | toThreshold_Loop_GradientLoop_proc_U0/toThreshold_ddiv_64ns_64ns_64_31_U87/grp_fu_217_ce                                                           |                                                                                                                                                                          |              792 |           3151 |
+--------------+----------------------------------------------------------------------------------------------------------------------------------------------------+--------------------------------------------------------------------------------------------------------------------------------------------------------------------------+------------------+----------------+


