

================================================================
== Vivado HLS Report for 'toThreshold_Filter2D_1'
================================================================
* Date:           Fri Jun 26 18:10:55 2015

* Version:        2014.4 (Build 1071461 on Tue Nov 18 16:42:57 PM 2014)
* Project:        threshold_IP
* Solution:       solution1
* Product family: zynq
* Target device:  xc7z020clg484-1


================================================================
== Performance Estimates
================================================================
+ Timing (ns): 
    * Summary: 
    +---------+-------+----------+------------+
    |  Clock  | Target| Estimated| Uncertainty|
    +---------+-------+----------+------------+
    |default  |  10.00|      8.67|        1.25|
    +---------+-------+----------+------------+

+ Latency (clock cycles): 
    * Summary: 
    +-----+---------+-----+---------+---------+
    |    Latency    |    Interval   | Pipeline|
    | min |   max   | min |   max   |   Type  |
    +-----+---------+-----+---------+---------+
    |  409|  2108305|  409|  2108305|   none  |
    +-----+---------+-----+---------+---------+

    + Detail: 
        * Instance: 
        +------------------------------------------+-------------------------------+-----+-----+-----+-----+----------+
        |                                          |                               |  Latency  |  Interval | Pipeline |
        |                 Instance                 |             Module            | min | max | min | max |   Type   |
        +------------------------------------------+-------------------------------+-----+-----+-----+-----+----------+
        |grp_toThreshold_borderInterpolate_fu_631  |toThreshold_borderInterpolate  |    2|    2|    1|    1| function |
        |grp_toThreshold_borderInterpolate_fu_639  |toThreshold_borderInterpolate  |    2|    2|    1|    1| function |
        |grp_toThreshold_borderInterpolate_fu_647  |toThreshold_borderInterpolate  |    2|    2|    1|    1| function |
        |grp_toThreshold_borderInterpolate_fu_655  |toThreshold_borderInterpolate  |    2|    2|    1|    1| function |
        |grp_toThreshold_borderInterpolate_fu_663  |toThreshold_borderInterpolate  |    2|    2|    1|    1| function |
        |grp_toThreshold_borderInterpolate_fu_671  |toThreshold_borderInterpolate  |    2|    2|    1|    1| function |
        +------------------------------------------+-------------------------------+-----+-----+-----+-----+----------+

        * Loop: 
        +---------------+-----+---------+-----------+-----------+-----------+-----------+----------+
        |               |    Latency    | Iteration |  Initiation Interval  |    Trip   |          |
        |   Loop Name   | min |   max   |  Latency  |  achieved |   target  |   Count   | Pipelined|
        +---------------+-----+---------+-----------+-----------+-----------+-----------+----------+
        |- loop_height  |  408|  2108304| 24 ~ 1936 |          -|          -| 17 ~ 1089 |    no    |
        | + loop_width  |   21|     1933|         11|          1|          1| 12 ~ 1924 |    yes   |
        +---------------+-----+---------+-----------+-----------+-----------+-----------+----------+



================================================================
== Utilization Estimates
================================================================
* Summary: 
+-----------------+---------+-------+--------+-------+
|       Name      | BRAM_18K| DSP48E|   FF   |  LUT  |
+-----------------+---------+-------+--------+-------+
|Expression       |        -|     20|       0|   1141|
|FIFO             |        -|      -|       -|      -|
|Instance         |        -|      -|     780|   2262|
|Memory           |        5|      -|       0|      0|
|Multiplexer      |        -|      -|       -|     74|
|Register         |        -|      -|    1350|     28|
+-----------------+---------+-------+--------+-------+
|Total            |        5|     20|    2130|   3505|
+-----------------+---------+-------+--------+-------+
|Available        |      280|    220|  106400|  53200|
+-----------------+---------+-------+--------+-------+
|Utilization (%)  |        1|      9|       2|      6|
+-----------------+---------+-------+--------+-------+

+ Detail: 
    * Instance: 
    +------------------------------------------+-------------------------------+---------+-------+-----+-----+
    |                 Instance                 |             Module            | BRAM_18K| DSP48E|  FF | LUT |
    +------------------------------------------+-------------------------------+---------+-------+-----+-----+
    |grp_toThreshold_borderInterpolate_fu_631  |toThreshold_borderInterpolate  |        0|      0|  130|  377|
    |grp_toThreshold_borderInterpolate_fu_639  |toThreshold_borderInterpolate  |        0|      0|  130|  377|
    |grp_toThreshold_borderInterpolate_fu_647  |toThreshold_borderInterpolate  |        0|      0|  130|  377|
    |grp_toThreshold_borderInterpolate_fu_655  |toThreshold_borderInterpolate  |        0|      0|  130|  377|
    |grp_toThreshold_borderInterpolate_fu_663  |toThreshold_borderInterpolate  |        0|      0|  130|  377|
    |grp_toThreshold_borderInterpolate_fu_671  |toThreshold_borderInterpolate  |        0|      0|  130|  377|
    +------------------------------------------+-------------------------------+---------+-------+-----+-----+
    |Total                                     |                               |        0|      0|  780| 2262|
    +------------------------------------------+-------------------------------+---------+-------+-----+-----+

    * Memory: 
    +-----------------+--------------------------------------------------+---------+---+----+------+-----+------+-------------+
    |      Memory     |                      Module                      | BRAM_18K| FF| LUT| Words| Bits| Banks| W*Bits*Banks|
    +-----------------+--------------------------------------------------+---------+---+----+------+-----+------+-------------+
    |k_buf_0_val_0_U  |toThreshold_Dilate_0_0_1080_1920_s_k_buf_0_val_0  |        1|  0|   0|  1920|    8|     1|        15360|
    |k_buf_0_val_1_U  |toThreshold_Dilate_0_0_1080_1920_s_k_buf_0_val_0  |        1|  0|   0|  1920|    8|     1|        15360|
    |k_buf_0_val_2_U  |toThreshold_Dilate_0_0_1080_1920_s_k_buf_0_val_0  |        1|  0|   0|  1920|    8|     1|        15360|
    |k_buf_0_val_3_U  |toThreshold_Dilate_0_0_1080_1920_s_k_buf_0_val_0  |        1|  0|   0|  1920|    8|     1|        15360|
    |k_buf_0_val_4_U  |toThreshold_Dilate_0_0_1080_1920_s_k_buf_0_val_0  |        1|  0|   0|  1920|    8|     1|        15360|
    +-----------------+--------------------------------------------------+---------+---+----+------+-----+------+-------------+
    |Total            |                                                  |        5|  0|   0|  9600|   40|     5|        76800|
    +-----------------+--------------------------------------------------+---------+---+----+------+-----+------+-------------+

    * FIFO: 
    N/A

    * Expression: 
    +--------------------------------------------+----------+-------+---+----+------------+------------+
    |                Variable Name               | Operation| DSP48E| FF| LUT| Bitwidth P0| Bitwidth P1|
    +--------------------------------------------+----------+-------+---+----+------------+------------+
    |p_Val2_0_1_fu_2094_p2                       |     *    |      1|  0|   0|           8|           3|
    |p_Val2_0_2_fu_2103_p2                       |     *    |      1|  0|   0|           8|           3|
    |p_Val2_0_3_fu_2207_p2                       |     *    |      1|  0|   0|           8|           3|
    |p_Val2_0_4_fu_2226_p2                       |     *    |      1|  0|   0|           8|           3|
    |p_Val2_113_2_fu_2394_p2                     |     *    |      1|  0|   0|           8|           3|
    |p_Val2_113_3_fu_2243_p2                     |     *    |      1|  0|   0|           8|           3|
    |p_Val2_113_4_fu_2252_p2                     |     *    |      1|  0|   0|           8|           3|
    |p_Val2_1_fu_2261_p2                         |     *    |      1|  0|   0|           8|           4|
    |p_Val2_2_1_fu_2434_p2                       |     *    |      1|  0|   0|           8|           4|
    |p_Val2_2_3_fu_2442_p2                       |     *    |      1|  0|   0|           8|           4|
    |p_Val2_2_4_fu_2555_p2                       |     *    |      1|  0|   0|           8|           5|
    |p_Val2_2_fu_2425_p2                         |     *    |      1|  0|   0|           8|           4|
    |p_Val2_314_1_fu_2270_p2                     |     *    |      1|  0|   0|           8|           3|
    |p_Val2_314_2_fu_2279_p2                     |     *    |      1|  0|   0|           8|           3|
    |p_Val2_314_4_fu_2288_p2                     |     *    |      1|  0|   0|           8|           4|
    |p_Val2_4_1_fu_2603_p2                       |     *    |      1|  0|   0|           8|           3|
    |p_Val2_4_2_fu_2612_p2                       |     *    |      1|  0|   0|           8|           4|
    |p_Val2_4_3_fu_2620_p2                       |     *    |      1|  0|   0|           8|           3|
    |p_Val2_4_fu_2594_p2                         |     *    |      1|  0|   0|           8|           3|
    |p_Val2_s_74_fu_2235_p2                      |     *    |      1|  0|   0|           8|           3|
    |ImagLoc_x_fu_1070_p2                        |     +    |      0|  0|  12|          12|           3|
    |ImagLoc_y_fu_922_p2                         |     +    |      0|  0|  12|          12|           4|
    |col_assign_4_fu_1161_p2                     |     +    |      0|  0|   3|           3|           3|
    |col_assign_9_2_fu_1128_p2                   |     +    |      0|  0|  12|          12|          12|
    |col_assign_fu_1123_p2                       |     +    |      0|  0|   3|           3|           3|
    |heightloop_fu_779_p2                        |     +    |      0|  0|  11|          11|           4|
    |i_V_fu_910_p2                               |     +    |      0|  0|  11|          11|           1|
    |j_V_fu_1043_p2                              |     +    |      0|  0|  11|          11|           1|
    |p_Val2_3_0_1_fu_2185_p2                     |     +    |      0|  0|  12|          12|          12|
    |p_Val2_3_0_2_fu_2198_p2                     |     +    |      0|  0|   8|          13|          13|
    |p_Val2_3_0_3_fu_2216_p2                     |     +    |      0|  0|   8|          13|          13|
    |p_Val2_3_0_4_fu_2349_p2                     |     +    |      0|  0|   8|          14|          14|
    |p_Val2_3_1_1_fu_2385_p2                     |     +    |      0|  0|   8|          14|          14|
    |p_Val2_3_1_2_fu_2403_p2                     |     +    |      0|  0|   8|          14|          14|
    |p_Val2_3_1_4_fu_2537_p2                     |     +    |      0|  0|  15|          15|          15|
    |p_Val2_3_1_fu_2358_p2                       |     +    |      0|  0|   8|          14|          14|
    |p_Val2_3_3_4_fu_2656_p2                     |     +    |      0|  0|   8|          16|          16|
    |p_Val2_7_fu_2717_p2                         |     +    |      0|  0|   8|          16|          16|
    |ref_fu_811_p2                               |     +    |      0|  0|  11|          11|           2|
    |tmp13_fu_2695_p2                            |     +    |      0|  0|   8|          16|          16|
    |tmp14_fu_2685_p2                            |     +    |      0|  0|  13|          13|          13|
    |tmp15_fu_2707_p2                            |     +    |      0|  0|   8|          12|          12|
    |tmp16_fu_2701_p2                            |     +    |      0|  0|   8|          12|          12|
    |tmp1_fu_2415_p2                             |     +    |      0|  0|  12|          12|          12|
    |tmp2_fu_2648_p2                             |     +    |      0|  0|   8|          16|          16|
    |tmp4_fu_2584_p2                             |     +    |      0|  0|  14|          14|          14|
    |tmp5_fu_2574_p2                             |     +    |      0|  0|  13|          13|          13|
    |tmp6_fu_2496_p2                             |     +    |      0|  0|  14|          14|          14|
    |tmp7_fu_2470_p2                             |     +    |      0|  0|  13|          13|          13|
    |tmp8_fu_2486_p2                             |     +    |      0|  0|   8|          12|          12|
    |tmp9_fu_2480_p2                             |     +    |      0|  0|   8|          12|          12|
    |tmp_s_fu_791_p2                             |     +    |      0|  0|  11|          11|           4|
    |widthloop_fu_785_p2                         |     +    |      0|  0|  11|          11|           3|
    |y_2_1_fu_998_p2                             |     +    |      0|  0|  12|          12|           5|
    |y_2_2_fu_1008_p2                            |     +    |      0|  0|  12|          12|           5|
    |y_2_3_fu_1018_p2                            |     +    |      0|  0|  12|          12|           5|
    |y_2_fu_984_p2                               |     +    |      0|  0|  12|          12|           5|
    |locy_1_t_fu_1638_p2                         |     -    |      0|  0|   3|           3|           3|
    |locy_2_t_fu_1696_p2                         |     -    |      0|  0|   3|           3|           3|
    |locy_3_t_fu_1754_p2                         |     -    |      0|  0|   3|           3|           3|
    |locy_4_t_fu_1157_p2                         |     -    |      0|  0|   3|           3|           3|
    |locy_fu_1580_p2                             |     -    |      0|  0|   3|           3|           3|
    |p_Val2_113_1_fu_2375_p2                     |     -    |      0|  0|  10|           1|          10|
    |p_Val2_s_fu_2172_p2                         |     -    |      0|  0|  10|           1|          10|
    |p_neg228_i_fu_801_p2                        |     -    |      0|  0|  12|           3|          12|
    |col_buf_0_val_0_0_22_fu_1923_p3             |  Select  |      0|  0|   8|           1|           8|
    |col_buf_0_val_0_0_28_fu_1936_p3             |  Select  |      0|  0|   8|           1|           8|
    |col_buf_0_val_0_0_8_fu_1897_p3              |  Select  |      0|  0|   8|           1|           8|
    |col_buf_0_val_0_0_9_fu_1910_p3              |  Select  |      0|  0|   8|           1|           8|
    |p_dst_data_stream_V_din                     |  Select  |      0|  0|   8|           1|           8|
    |p_i_fu_969_p3                               |  Select  |      0|  0|  11|           1|           3|
    |p_mux_i_i_cast_fu_2761_p3                   |  Select  |      0|  0|   2|           1|           2|
    |right_border_buf_0_val_1_4_33_fu_2019_p3    |  Select  |      0|  0|   8|           1|           8|
    |right_border_buf_0_val_1_4_34_fu_2027_p3    |  Select  |      0|  0|   8|           1|           8|
    |right_border_buf_0_val_1_4_37_fu_1231_p3    |  Select  |      0|  0|   8|           1|           8|
    |right_border_buf_0_val_1_4_38_fu_1244_p3    |  Select  |      0|  0|   8|           1|           8|
    |right_border_buf_0_val_1_4_39_fu_1257_p3    |  Select  |      0|  0|   8|           1|           8|
    |right_border_buf_0_val_1_4_40_fu_1270_p3    |  Select  |      0|  0|   8|           1|           8|
    |right_border_buf_0_val_1_4_41_fu_1279_p3    |  Select  |      0|  0|   8|           1|           8|
    |right_border_buf_0_val_1_4_43_fu_1287_p3    |  Select  |      0|  0|   8|           1|           8|
    |right_border_buf_0_val_1_4_49_fu_1295_p3    |  Select  |      0|  0|   8|           1|           8|
    |right_border_buf_0_val_1_4_50_fu_1303_p3    |  Select  |      0|  0|   8|           1|           8|
    |right_border_buf_0_val_1_4_51_fu_1312_p3    |  Select  |      0|  0|   8|           1|           8|
    |right_border_buf_0_val_1_4_52_fu_1320_p3    |  Select  |      0|  0|   8|           1|           8|
    |right_border_buf_0_val_1_4_53_fu_1328_p3    |  Select  |      0|  0|   8|           1|           8|
    |right_border_buf_0_val_1_4_54_fu_1337_p3    |  Select  |      0|  0|   8|           1|           8|
    |right_border_buf_0_val_1_4_55_fu_1345_p3    |  Select  |      0|  0|   8|           1|           8|
    |right_border_buf_0_val_1_4_56_fu_1354_p3    |  Select  |      0|  0|   8|           1|           8|
    |right_border_buf_0_val_1_4_57_fu_2035_p3    |  Select  |      0|  0|   8|           1|           8|
    |right_border_buf_0_val_1_4_fu_2011_p3       |  Select  |      0|  0|   8|           1|           8|
    |right_border_buf_0_val_2_4_24_fu_2002_p3    |  Select  |      0|  0|   8|           1|           8|
    |right_border_buf_0_val_2_4_6_72_fu_1986_p3  |  Select  |      0|  0|   8|           1|           8|
    |right_border_buf_0_val_2_4_7_73_fu_1994_p3  |  Select  |      0|  0|   8|           1|           8|
    |right_border_buf_0_val_2_4_fu_1978_p3       |  Select  |      0|  0|   8|           1|           8|
    |right_border_buf_0_val_3_4_33_fu_1953_p3    |  Select  |      0|  0|   8|           1|           8|
    |right_border_buf_0_val_3_4_34_fu_1961_p3    |  Select  |      0|  0|   8|           1|           8|
    |right_border_buf_0_val_3_4_37_fu_1408_p3    |  Select  |      0|  0|   8|           1|           8|
    |right_border_buf_0_val_3_4_38_fu_1421_p3    |  Select  |      0|  0|   8|           1|           8|
    |right_border_buf_0_val_3_4_39_fu_1434_p3    |  Select  |      0|  0|   8|           1|           8|
    |right_border_buf_0_val_3_4_40_fu_1447_p3    |  Select  |      0|  0|   8|           1|           8|
    |right_border_buf_0_val_3_4_41_fu_1456_p3    |  Select  |      0|  0|   8|           1|           8|
    |right_border_buf_0_val_3_4_43_fu_1464_p3    |  Select  |      0|  0|   8|           1|           8|
    |right_border_buf_0_val_3_4_49_fu_1472_p3    |  Select  |      0|  0|   8|           1|           8|
    |right_border_buf_0_val_3_4_50_fu_1480_p3    |  Select  |      0|  0|   8|           1|           8|
    |right_border_buf_0_val_3_4_51_fu_1489_p3    |  Select  |      0|  0|   8|           1|           8|
    |right_border_buf_0_val_3_4_52_fu_1497_p3    |  Select  |      0|  0|   8|           1|           8|
    |right_border_buf_0_val_3_4_53_fu_1505_p3    |  Select  |      0|  0|   8|           1|           8|
    |right_border_buf_0_val_3_4_54_fu_1514_p3    |  Select  |      0|  0|   8|           1|           8|
    |right_border_buf_0_val_3_4_55_fu_1522_p3    |  Select  |      0|  0|   8|           1|           8|
    |right_border_buf_0_val_3_4_56_fu_1531_p3    |  Select  |      0|  0|   8|           1|           8|
    |right_border_buf_0_val_3_4_57_fu_1969_p3    |  Select  |      0|  0|   8|           1|           8|
    |right_border_buf_0_val_3_4_fu_1945_p3       |  Select  |      0|  0|   8|           1|           8|
    |sel_tmp33_fu_1591_p3                        |  Select  |      0|  0|   8|           1|           8|
    |sel_tmp35_fu_1604_p3                        |  Select  |      0|  0|   8|           1|           8|
    |sel_tmp37_fu_1617_p3                        |  Select  |      0|  0|   8|           1|           8|
    |sel_tmp41_fu_1649_p3                        |  Select  |      0|  0|   8|           1|           8|
    |sel_tmp43_fu_1662_p3                        |  Select  |      0|  0|   8|           1|           8|
    |sel_tmp45_fu_1675_p3                        |  Select  |      0|  0|   8|           1|           8|
    |sel_tmp48_fu_1707_p3                        |  Select  |      0|  0|   8|           1|           8|
    |sel_tmp50_fu_1720_p3                        |  Select  |      0|  0|   8|           1|           8|
    |sel_tmp52_fu_1733_p3                        |  Select  |      0|  0|   8|           1|           8|
    |sel_tmp55_fu_1765_p3                        |  Select  |      0|  0|   8|           1|           8|
    |sel_tmp57_fu_1778_p3                        |  Select  |      0|  0|   8|           1|           8|
    |sel_tmp59_fu_1791_p3                        |  Select  |      0|  0|   8|           1|           8|
    |src_kernel_win_0_val_0_0_fu_1630_p3         |  Select  |      0|  0|   8|           1|           8|
    |src_kernel_win_0_val_1_0_fu_1688_p3         |  Select  |      0|  0|   8|           1|           8|
    |src_kernel_win_0_val_2_0_fu_1746_p3         |  Select  |      0|  0|   8|           1|           8|
    |src_kernel_win_0_val_3_0_fu_1804_p3         |  Select  |      0|  0|   8|           1|           8|
    |ap_sig_bdd_185                              |    and   |      0|  0|   1|           1|           1|
    |ap_sig_bdd_205                              |    and   |      0|  0|   1|           1|           1|
    |or_cond221_i_fu_1065_p2                     |    and   |      0|  0|   1|           1|           1|
    |or_cond6_fu_955_p2                          |    and   |      0|  0|   1|           1|           1|
    |or_cond7_fu_1104_p2                         |    and   |      0|  0|   1|           1|           1|
    |overflow_fu_2755_p2                         |    and   |      0|  0|   1|           1|           1|
    |icmp2_fu_1059_p2                            |   icmp   |      0|  0|   9|           9|           1|
    |icmp_fu_944_p2                              |   icmp   |      0|  0|  11|          10|           1|
    |not_i_i_i_fu_2750_p2                        |   icmp   |      0|  0|   8|           8|           1|
    |sel_tmp2_fu_1905_p2                         |   icmp   |      0|  0|   3|           3|           2|
    |sel_tmp32_fu_1587_p2                        |   icmp   |      0|  0|   3|           3|           3|
    |sel_tmp34_fu_1598_p2                        |   icmp   |      0|  0|   3|           3|           2|
    |sel_tmp36_fu_1611_p2                        |   icmp   |      0|  0|   3|           3|           2|
    |sel_tmp38_fu_1624_p2                        |   icmp   |      0|  0|   3|           3|           1|
    |sel_tmp40_fu_1645_p2                        |   icmp   |      0|  0|   3|           3|           3|
    |sel_tmp42_fu_1656_p2                        |   icmp   |      0|  0|   3|           3|           2|
    |sel_tmp44_fu_1669_p2                        |   icmp   |      0|  0|   3|           3|           2|
    |sel_tmp46_fu_1682_p2                        |   icmp   |      0|  0|   3|           3|           1|
    |sel_tmp47_fu_1703_p2                        |   icmp   |      0|  0|   3|           3|           3|
    |sel_tmp49_fu_1714_p2                        |   icmp   |      0|  0|   3|           3|           2|
    |sel_tmp4_fu_1918_p2                         |   icmp   |      0|  0|   3|           3|           2|
    |sel_tmp51_fu_1727_p2                        |   icmp   |      0|  0|   3|           3|           2|
    |sel_tmp53_fu_1740_p2                        |   icmp   |      0|  0|   3|           3|           1|
    |sel_tmp54_fu_1761_p2                        |   icmp   |      0|  0|   3|           3|           3|
    |sel_tmp56_fu_1772_p2                        |   icmp   |      0|  0|   3|           3|           2|
    |sel_tmp58_fu_1785_p2                        |   icmp   |      0|  0|   3|           3|           2|
    |sel_tmp60_fu_1798_p2                        |   icmp   |      0|  0|   3|           3|           1|
    |sel_tmp61_fu_1226_p2                        |   icmp   |      0|  0|   3|           3|           2|
    |sel_tmp62_fu_1239_p2                        |   icmp   |      0|  0|   3|           3|           2|
    |sel_tmp63_fu_1252_p2                        |   icmp   |      0|  0|   3|           3|           1|
    |sel_tmp64_fu_1403_p2                        |   icmp   |      0|  0|   3|           3|           2|
    |sel_tmp65_fu_1265_p2                        |   icmp   |      0|  0|   3|           3|           1|
    |sel_tmp66_fu_1416_p2                        |   icmp   |      0|  0|   3|           3|           2|
    |sel_tmp67_fu_1429_p2                        |   icmp   |      0|  0|   3|           3|           1|
    |sel_tmp68_fu_1442_p2                        |   icmp   |      0|  0|   3|           3|           1|
    |sel_tmp6_fu_1931_p2                         |   icmp   |      0|  0|   3|           3|           1|
    |sel_tmp_fu_1892_p2                          |   icmp   |      0|  0|   3|           3|           1|
    |tmp_70_fu_905_p2                            |   icmp   |      0|  0|  13|          11|          11|
    |tmp_71_fu_916_p2                            |   icmp   |      0|  0|  13|          11|           4|
    |tmp_72_fu_928_p2                            |   icmp   |      0|  0|  14|          12|           3|
    |tmp_73_fu_950_p2                            |   icmp   |      0|  0|  14|          12|          12|
    |tmp_74_fu_1038_p2                           |   icmp   |      0|  0|  13|          11|          11|
    |tmp_77_fu_1099_p2                           |   icmp   |      0|  0|  14|          12|          12|
    |tmp_78_fu_1118_p2                           |   icmp   |      0|  0|  14|          12|          12|
    |brmerge_fu_1028_p2                          |    or    |      0|  0|   1|           1|           1|
    |tmp_i_i_77_fu_2769_p2                       |    or    |      0|  0|   1|           1|           1|
    |rev_fu_1093_p2                              |    xor   |      0|  0|   2|           1|           2|
    |tmp_i_i_fu_2745_p2                          |    xor   |      0|  0|   2|           1|           2|
    +--------------------------------------------+----------+-------+---+----+------------+------------+
    |Total                                       |          |     20|  0|1141|         901|        1098|
    +--------------------------------------------+----------+-------+---+----+------------+------------+

    * Multiplexer: 
    +---------------------------------+----+-----------+-----+-----------+
    |               Name              | LUT| Input Size| Bits| Total Bits|
    +---------------------------------+----+-----------+-----+-----------+
    |ap_NS_fsm                        |   1|          5|    1|          5|
    |ap_reg_ppiten_pp0_it1            |   1|          2|    1|          2|
    |ap_reg_ppiten_pp0_it10           |   1|          2|    1|          2|
    |ap_reg_ppiten_pp0_it6            |   1|          2|    1|          2|
    |p_012_0_i_reg_608                |  11|          2|   11|         22|
    |p_025_0_i_reg_619                |  11|          2|   11|         22|
    |src_kernel_win_0_val_0_1_fu_184  |   8|          3|    8|         24|
    |src_kernel_win_0_val_1_1_fu_204  |   8|          3|    8|         24|
    |src_kernel_win_0_val_2_1_fu_224  |   8|          3|    8|         24|
    |src_kernel_win_0_val_3_1_fu_248  |   8|          3|    8|         24|
    |src_kernel_win_0_val_4_1_fu_244  |  16|         10|    8|         80|
    +---------------------------------+----+-----------+-----+-----------+
    |Total                            |  74|         37|   66|        231|
    +---------------------------------+----+-----------+-----+-----------+

    * Register: 
    +-----------------------------------------------------------+----+----+-----+-----------+
    |                            Name                           | FF | LUT| Bits| Const Bits|
    +-----------------------------------------------------------+----+----+-----+-----------+
    |ImagLoc_y_cast_cast_reg_3278                               |  12|   0|   13|          1|
    |OP2_V_0_1_cast_reg_3154                                    |  11|   0|   11|          0|
    |OP2_V_0_2_cast_reg_3159                                    |  11|   0|   11|          0|
    |OP2_V_0_3_cast_reg_3164                                    |  11|   0|   11|          0|
    |OP2_V_0_4_cast_reg_3169                                    |  11|   0|   11|          0|
    |OP2_V_1_2_cast_reg_3179                                    |  11|   0|   11|          0|
    |OP2_V_1_3_cast_reg_3184                                    |  11|   0|   11|          0|
    |OP2_V_1_4_cast_reg_3189                                    |  11|   0|   11|          0|
    |OP2_V_1_cast_reg_3174                                      |  11|   0|   11|          0|
    |OP2_V_2_1_cast_reg_3199                                    |  12|   0|   12|          0|
    |OP2_V_2_3_cast_reg_3204                                    |  12|   0|   12|          0|
    |OP2_V_2_4_cast_reg_3209                                    |  13|   0|   13|          0|
    |OP2_V_2_cast_reg_3194                                      |  12|   0|   12|          0|
    |OP2_V_3_1_cast_reg_3219                                    |  11|   0|   11|          0|
    |OP2_V_3_2_cast_reg_3224                                    |  11|   0|   11|          0|
    |OP2_V_3_4_cast_reg_3229                                    |  12|   0|   12|          0|
    |OP2_V_3_cast_reg_3214                                      |  12|   0|   12|          0|
    |OP2_V_4_1_cast_reg_3239                                    |  11|   0|   11|          0|
    |OP2_V_4_2_cast_reg_3244                                    |  12|   0|   12|          0|
    |OP2_V_4_3_cast_reg_3249                                    |  11|   0|   11|          0|
    |OP2_V_4_cast_reg_3234                                      |  11|   0|   11|          0|
    |ap_CS_fsm                                                  |   4|   0|    4|          0|
    |ap_reg_ppiten_pp0_it0                                      |   1|   0|    1|          0|
    |ap_reg_ppiten_pp0_it1                                      |   1|   0|    1|          0|
    |ap_reg_ppiten_pp0_it10                                     |   1|   0|    1|          0|
    |ap_reg_ppiten_pp0_it2                                      |   1|   0|    1|          0|
    |ap_reg_ppiten_pp0_it3                                      |   1|   0|    1|          0|
    |ap_reg_ppiten_pp0_it4                                      |   1|   0|    1|          0|
    |ap_reg_ppiten_pp0_it5                                      |   1|   0|    1|          0|
    |ap_reg_ppiten_pp0_it6                                      |   1|   0|    1|          0|
    |ap_reg_ppiten_pp0_it7                                      |   1|   0|    1|          0|
    |ap_reg_ppiten_pp0_it8                                      |   1|   0|    1|          0|
    |ap_reg_ppiten_pp0_it9                                      |   1|   0|    1|          0|
    |ap_reg_ppstg_col_assign_4_reg_3412_pp0_it4                 |   3|   0|    3|          0|
    |ap_reg_ppstg_locy_4_t_reg_3408_pp0_it4                     |   3|   0|    3|          0|
    |ap_reg_ppstg_src_kernel_win_0_val_1_1_12_reg_3494_pp0_it6  |   8|   0|    8|          0|
    |ap_reg_ppstg_src_kernel_win_0_val_2_1_12_reg_3500_pp0_it6  |   8|   0|    8|          0|
    |ap_reg_ppstg_src_kernel_win_0_val_2_1_lo_reg_3537_pp0_it7  |   8|   0|    8|          0|
    |ap_reg_ppstg_tmp6_reg_3622_pp0_it8                         |  14|   0|   14|          0|
    |brmerge_reg_3314                                           |   1|   0|    1|          0|
    |col_assign_4_reg_3412                                      |   3|   0|    3|          0|
    |col_assign_reg_3347                                        |   3|   0|    3|          0|
    |col_buf_0_val_0_0_17_fu_200                                |   8|   0|    8|          0|
    |col_buf_0_val_0_0_18_fu_220                                |   8|   0|    8|          0|
    |col_buf_0_val_0_0_19_fu_240                                |   8|   0|    8|          0|
    |col_buf_0_val_0_0_20_fu_264                                |   8|   0|    8|          0|
    |col_buf_0_val_0_0_21_fu_280                                |   8|   0|    8|          0|
    |col_buf_0_val_0_0_fu_384                                   |   8|   0|    8|          0|
    |heightloop_reg_3118                                        |  11|   0|   11|          0|
    |i_V_reg_3258                                               |  11|   0|   11|          0|
    |isneg_reg_3657                                             |   1|   0|    1|          0|
    |k_buf_0_val_0_addr_reg_3378                                |  11|   0|   11|          0|
    |k_buf_0_val_1_addr_reg_3384                                |  11|   0|   11|          0|
    |k_buf_0_val_2_addr_reg_3390                                |  11|   0|   11|          0|
    |k_buf_0_val_3_addr_reg_3396                                |  11|   0|   11|          0|
    |k_buf_0_val_4_addr_reg_3402                                |  11|   0|   11|          0|
    |locy_4_t_reg_3408                                          |   3|   0|    3|          0|
    |or_cond221_i_reg_3327                                      |   1|   0|    1|          0|
    |or_cond7_reg_3335                                          |   1|   0|    1|          0|
    |p_012_0_i_reg_608                                          |  11|   0|   11|          0|
    |p_025_0_i_reg_619                                          |  11|   0|   11|          0|
    |p_Val2_0_1_reg_3517                                        |  11|   0|   11|          0|
    |p_Val2_0_2_reg_3522                                        |  11|   0|   11|          0|
    |p_Val2_0_4_reg_3557                                        |  11|   0|   11|          0|
    |p_Val2_113_3_reg_3567                                      |  11|   0|   11|          0|
    |p_Val2_113_4_reg_3572                                      |  11|   0|   11|          0|
    |p_Val2_1_reg_3577                                          |  12|   0|   12|          0|
    |p_Val2_2_1_reg_3612                                        |  12|   0|   12|          0|
    |p_Val2_2_3_reg_3617                                        |  12|   0|   12|          0|
    |p_Val2_2_reg_3607                                          |  12|   0|   12|          0|
    |p_Val2_314_1_reg_3582                                      |  11|   0|   11|          0|
    |p_Val2_314_2_reg_3587                                      |  11|   0|   11|          0|
    |p_Val2_314_4_reg_3592                                      |  12|   0|   12|          0|
    |p_Val2_3_0_3_reg_3552                                      |  13|   0|   13|          0|
    |p_Val2_3_1_2_reg_3597                                      |  14|   0|   14|          0|
    |p_Val2_4_1_reg_3642                                        |  11|   0|   11|          0|
    |p_Val2_4_2_reg_3647                                        |  12|   0|   12|          0|
    |p_Val2_4_3_reg_3652                                        |  11|   0|   11|          0|
    |p_Val2_4_reg_3637                                          |  11|   0|   11|          0|
    |p_Val2_8_reg_3663                                          |   8|   0|    8|          0|
    |p_Val2_s_74_reg_3562                                       |  11|   0|   11|          0|
    |p_neg228_i_reg_3133                                        |  12|   0|   12|          0|
    |ref_cast_reg_3149                                          |  11|   0|   12|          1|
    |ref_reg_3144                                               |  11|   0|   11|          0|
    |right_border_buf_0_val_0_0_fu_364                          |   8|   0|    8|          0|
    |right_border_buf_0_val_0_1_fu_368                          |   8|   0|    8|          0|
    |right_border_buf_0_val_0_2_fu_372                          |   8|   0|    8|          0|
    |right_border_buf_0_val_0_3_fu_376                          |   8|   0|    8|          0|
    |right_border_buf_0_val_0_4_fu_380                          |   8|   0|    8|          0|
    |right_border_buf_0_val_1_0_reg_3445                        |   8|   0|    8|          0|
    |right_border_buf_0_val_1_4_28_fu_284                       |   8|   0|    8|          0|
    |right_border_buf_0_val_1_4_29_fu_288                       |   8|   0|    8|          0|
    |right_border_buf_0_val_1_4_30_fu_292                       |   8|   0|    8|          0|
    |right_border_buf_0_val_1_4_31_fu_296                       |   8|   0|    8|          0|
    |right_border_buf_0_val_1_4_32_fu_300                       |   8|   0|    8|          0|
    |right_border_buf_0_val_2_0_reg_3435                        |   8|   0|    8|          0|
    |right_border_buf_0_val_2_4_14_fu_304                       |   8|   0|    8|          0|
    |right_border_buf_0_val_2_4_15_fu_308                       |   8|   0|    8|          0|
    |right_border_buf_0_val_2_4_16_fu_312                       |   8|   0|    8|          0|
    |right_border_buf_0_val_2_4_17_fu_316                       |   8|   0|    8|          0|
    |right_border_buf_0_val_2_4_18_fu_320                       |   8|   0|    8|          0|
    |right_border_buf_0_val_3_0_reg_3425                        |   8|   0|    8|          0|
    |right_border_buf_0_val_3_4_28_fu_324                       |   8|   0|    8|          0|
    |right_border_buf_0_val_3_4_29_fu_328                       |   8|   0|    8|          0|
    |right_border_buf_0_val_3_4_30_fu_332                       |   8|   0|    8|          0|
    |right_border_buf_0_val_3_4_31_fu_336                       |   8|   0|    8|          0|
    |right_border_buf_0_val_3_4_32_fu_340                       |   8|   0|    8|          0|
    |right_border_buf_0_val_4_0_reg_3420                        |   8|   0|    8|          0|
    |src_kernel_win_0_val_0_1_12_reg_3488                       |   8|   0|    8|          0|
    |src_kernel_win_0_val_0_1_fu_184                            |   8|   0|    8|          0|
    |src_kernel_win_0_val_0_1_lo_reg_3532                       |   8|   0|    8|          0|
    |src_kernel_win_0_val_0_2_fu_188                            |   8|   0|    8|          0|
    |src_kernel_win_0_val_0_3_fu_192                            |   8|   0|    8|          0|
    |src_kernel_win_0_val_0_4_fu_196                            |   8|   0|    8|          0|
    |src_kernel_win_0_val_1_1_12_reg_3494                       |   8|   0|    8|          0|
    |src_kernel_win_0_val_1_1_fu_204                            |   8|   0|    8|          0|
    |src_kernel_win_0_val_1_2_fu_208                            |   8|   0|    8|          0|
    |src_kernel_win_0_val_1_3_fu_212                            |   8|   0|    8|          0|
    |src_kernel_win_0_val_1_4_fu_216                            |   8|   0|    8|          0|
    |src_kernel_win_0_val_2_1_12_reg_3500                       |   8|   0|    8|          0|
    |src_kernel_win_0_val_2_1_fu_224                            |   8|   0|    8|          0|
    |src_kernel_win_0_val_2_1_lo_reg_3537                       |   8|   0|    8|          0|
    |src_kernel_win_0_val_2_2_fu_228                            |   8|   0|    8|          0|
    |src_kernel_win_0_val_2_3_fu_232                            |   8|   0|    8|          0|
    |src_kernel_win_0_val_2_4_fu_236                            |   8|   0|    8|          0|
    |src_kernel_win_0_val_3_1_12_reg_3511                       |   8|   0|    8|          0|
    |src_kernel_win_0_val_3_1_fu_248                            |   8|   0|    8|          0|
    |src_kernel_win_0_val_3_2_fu_252                            |   8|   0|    8|          0|
    |src_kernel_win_0_val_3_2_lo_reg_3542                       |   8|   0|    8|          0|
    |src_kernel_win_0_val_3_3_fu_256                            |   8|   0|    8|          0|
    |src_kernel_win_0_val_3_3_lo_reg_3547                       |   8|   0|    8|          0|
    |src_kernel_win_0_val_3_4_fu_260                            |   8|   0|    8|          0|
    |src_kernel_win_0_val_4_0_reg_3455                          |   8|   0|    8|          0|
    |src_kernel_win_0_val_4_1_26_reg_3506                       |   8|   0|    8|          0|
    |src_kernel_win_0_val_4_1_fu_244                            |   8|   0|    8|          0|
    |src_kernel_win_0_val_4_2_fu_268                            |   8|   0|    8|          0|
    |src_kernel_win_0_val_4_3_fu_272                            |   8|   0|    8|          0|
    |src_kernel_win_0_val_4_4_2_reg_3527                        |   8|   0|    8|          0|
    |src_kernel_win_0_val_4_4_fu_276                            |   8|   0|    8|          0|
    |tmp1_reg_3602                                              |  12|   0|   12|          0|
    |tmp3_cast_reg_3627                                         |  16|   0|   16|          0|
    |tmp4_reg_3632                                              |  14|   0|   14|          0|
    |tmp6_reg_3622                                              |  14|   0|   14|          0|
    |tmp_100_reg_3368                                           |   3|   0|    3|          0|
    |tmp_102_reg_3339                                           |   1|   0|    1|          0|
    |tmp_103_reg_3464                                           |   3|   0|    3|          0|
    |tmp_104_reg_3470                                           |   3|   0|    3|          0|
    |tmp_105_reg_3476                                           |   3|   0|    3|          0|
    |tmp_106_reg_3482                                           |   3|   0|    3|          0|
    |tmp_107_reg_3373                                           |   3|   0|    3|          0|
    |tmp_108_reg_3355                                           |   3|   0|    3|          0|
    |tmp_146_cast_reg_3128                                      |  11|   0|   12|          1|
    |tmp_46_reg_3668                                            |   8|   0|    8|          0|
    |tmp_71_reg_3263                                            |   1|   0|    1|          0|
    |tmp_74_reg_3318                                            |   1|   0|    1|          0|
    |tmp_77_reg_3331                                            |   1|   0|    1|          0|
    |tmp_78_reg_3343                                            |   1|   0|    1|          0|
    |tmp_91_reg_3138                                            |   3|   0|    3|          0|
    |tmp_95_reg_3268                                            |   1|   0|    1|          0|
    |tmp_96_reg_3272                                            |   3|   0|    3|          0|
    |tmp_97_reg_3288                                            |   3|   0|    3|          0|
    |widthloop_reg_3123                                         |  11|   0|   11|          0|
    |x_reg_3363                                                 |  15|   0|   15|          0|
    |y_2_1_cast_cast_reg_3299                                   |  13|   0|   13|          0|
    |y_2_2_cast_cast_reg_3304                                   |  13|   0|   13|          0|
    |y_2_3_cast_cast_reg_3309                                   |  13|   0|   13|          0|
    |y_2_cast_cast_reg_3283                                     |  13|   0|   13|          0|
    |col_assign_reg_3347                                        |   0|   3|    3|          0|
    |or_cond221_i_reg_3327                                      |   0|   1|    1|          0|
    |or_cond7_reg_3335                                          |   0|   1|    1|          0|
    |src_kernel_win_0_val_0_1_12_reg_3488                       |   0|   8|    8|          0|
    |src_kernel_win_0_val_0_1_lo_reg_3532                       |   0|   8|    8|          0|
    |tmp_102_reg_3339                                           |   0|   1|    1|          0|
    |tmp_108_reg_3355                                           |   0|   3|    3|          0|
    |tmp_74_reg_3318                                            |   0|   1|    1|          0|
    |tmp_77_reg_3331                                            |   0|   1|    1|          0|
    |tmp_78_reg_3343                                            |   0|   1|    1|          0|
    +-----------------------------------------------------------+----+----+-----+-----------+
    |Total                                                      |1350|  28| 1381|          3|
    +-----------------------------------------------------------+----+----+-----+-----------+



================================================================
== Interface
================================================================
* Summary: 
+-----------------------------+-----+-----+------------+-------------------------+--------------+
|          RTL Ports          | Dir | Bits|  Protocol  |      Source Object      |    C Type    |
+-----------------------------+-----+-----+------------+-------------------------+--------------+
|ap_clk                       |  in |    1| ap_ctrl_hs |  toThreshold_Filter2D.1 | return value |
|ap_rst                       |  in |    1| ap_ctrl_hs |  toThreshold_Filter2D.1 | return value |
|ap_start                     |  in |    1| ap_ctrl_hs |  toThreshold_Filter2D.1 | return value |
|ap_done                      | out |    1| ap_ctrl_hs |  toThreshold_Filter2D.1 | return value |
|ap_idle                      | out |    1| ap_ctrl_hs |  toThreshold_Filter2D.1 | return value |
|ap_ready                     | out |    1| ap_ctrl_hs |  toThreshold_Filter2D.1 | return value |
|p_src_rows_V_read            |  in |   12|   ap_none  |    p_src_rows_V_read    |    scalar    |
|p_src_cols_V_read            |  in |   12|   ap_none  |    p_src_cols_V_read    |    scalar    |
|p_src_data_stream_V_dout     |  in |    8|   ap_fifo  |   p_src_data_stream_V   |    pointer   |
|p_src_data_stream_V_empty_n  |  in |    1|   ap_fifo  |   p_src_data_stream_V   |    pointer   |
|p_src_data_stream_V_read     | out |    1|   ap_fifo  |   p_src_data_stream_V   |    pointer   |
|p_dst_data_stream_V_din      | out |    8|   ap_fifo  |   p_dst_data_stream_V   |    pointer   |
|p_dst_data_stream_V_full_n   |  in |    1|   ap_fifo  |   p_dst_data_stream_V   |    pointer   |
|p_dst_data_stream_V_write    | out |    1|   ap_fifo  |   p_dst_data_stream_V   |    pointer   |
|p_kernel_val_0_V_1_read      |  in |    3|   ap_none  | p_kernel_val_0_V_1_read |    scalar    |
|p_kernel_val_0_V_2_read      |  in |    3|   ap_none  | p_kernel_val_0_V_2_read |    scalar    |
|p_kernel_val_0_V_3_read      |  in |    3|   ap_none  | p_kernel_val_0_V_3_read |    scalar    |
|p_kernel_val_0_V_4_read      |  in |    3|   ap_none  | p_kernel_val_0_V_4_read |    scalar    |
|p_kernel_val_1_V_0_read      |  in |    3|   ap_none  | p_kernel_val_1_V_0_read |    scalar    |
|p_kernel_val_1_V_2_read      |  in |    3|   ap_none  | p_kernel_val_1_V_2_read |    scalar    |
|p_kernel_val_1_V_3_read      |  in |    3|   ap_none  | p_kernel_val_1_V_3_read |    scalar    |
|p_kernel_val_1_V_4_read      |  in |    3|   ap_none  | p_kernel_val_1_V_4_read |    scalar    |
|p_kernel_val_2_V_0_read      |  in |    4|   ap_none  | p_kernel_val_2_V_0_read |    scalar    |
|p_kernel_val_2_V_1_read      |  in |    4|   ap_none  | p_kernel_val_2_V_1_read |    scalar    |
|p_kernel_val_2_V_3_read      |  in |    4|   ap_none  | p_kernel_val_2_V_3_read |    scalar    |
|p_kernel_val_2_V_4_read      |  in |    5|   ap_none  | p_kernel_val_2_V_4_read |    scalar    |
|p_kernel_val_3_V_0_read      |  in |    4|   ap_none  | p_kernel_val_3_V_0_read |    scalar    |
|p_kernel_val_3_V_1_read      |  in |    3|   ap_none  | p_kernel_val_3_V_1_read |    scalar    |
|p_kernel_val_3_V_2_read      |  in |    3|   ap_none  | p_kernel_val_3_V_2_read |    scalar    |
|p_kernel_val_3_V_4_read      |  in |    4|   ap_none  | p_kernel_val_3_V_4_read |    scalar    |
|p_kernel_val_4_V_0_read      |  in |    3|   ap_none  | p_kernel_val_4_V_0_read |    scalar    |
|p_kernel_val_4_V_1_read      |  in |    3|   ap_none  | p_kernel_val_4_V_1_read |    scalar    |
|p_kernel_val_4_V_2_read      |  in |    4|   ap_none  | p_kernel_val_4_V_2_read |    scalar    |
|p_kernel_val_4_V_3_read      |  in |    3|   ap_none  | p_kernel_val_4_V_3_read |    scalar    |
+-----------------------------+-----+-----+------------+-------------------------+--------------+

